Archive member included to satisfy reference by file (symbol)

/opt/gcc-arm-none-eabi-5_4-2016q3/bin/../lib/gcc/arm-none-eabi/5.4.1/../../../../arm-none-eabi/lib/armv7-m/libc_nano.a(lib_a-exit.o)
                              /opt/gcc-arm-none-eabi-5_4-2016q3/bin/../lib/gcc/arm-none-eabi/5.4.1/../../../../arm-none-eabi/lib/armv7-m/crt0.o (exit)
/opt/gcc-arm-none-eabi-5_4-2016q3/bin/../lib/gcc/arm-none-eabi/5.4.1/../../../../arm-none-eabi/lib/armv7-m/libc_nano.a(lib_a-impure.o)
                              /opt/gcc-arm-none-eabi-5_4-2016q3/bin/../lib/gcc/arm-none-eabi/5.4.1/../../../../arm-none-eabi/lib/armv7-m/libc_nano.a(lib_a-exit.o) (_global_impure_ptr)
/opt/gcc-arm-none-eabi-5_4-2016q3/bin/../lib/gcc/arm-none-eabi/5.4.1/../../../../arm-none-eabi/lib/armv7-m/libc_nano.a(lib_a-init.o)
                              /opt/gcc-arm-none-eabi-5_4-2016q3/bin/../lib/gcc/arm-none-eabi/5.4.1/../../../../arm-none-eabi/lib/armv7-m/crt0.o (__libc_init_array)
/opt/gcc-arm-none-eabi-5_4-2016q3/bin/../lib/gcc/arm-none-eabi/5.4.1/../../../../arm-none-eabi/lib/armv7-m/libc_nano.a(lib_a-memcpy-stub.o)
                              build/queue.o (memcpy)
/opt/gcc-arm-none-eabi-5_4-2016q3/bin/../lib/gcc/arm-none-eabi/5.4.1/../../../../arm-none-eabi/lib/armv7-m/libc_nano.a(lib_a-memset.o)
                              /opt/gcc-arm-none-eabi-5_4-2016q3/bin/../lib/gcc/arm-none-eabi/5.4.1/../../../../arm-none-eabi/lib/armv7-m/crt0.o (memset)
/opt/gcc-arm-none-eabi-5_4-2016q3/bin/../lib/gcc/arm-none-eabi/5.4.1/../../../../arm-none-eabi/lib/armv7-m/libc_nano.a(lib_a-sprintf.o)
                              build/ESP8266.o (sprintf)
/opt/gcc-arm-none-eabi-5_4-2016q3/bin/../lib/gcc/arm-none-eabi/5.4.1/../../../../arm-none-eabi/lib/armv7-m/libc_nano.a(lib_a-strchr.o)
                              build/ESP8266.o (strchr)
/opt/gcc-arm-none-eabi-5_4-2016q3/bin/../lib/gcc/arm-none-eabi/5.4.1/../../../../arm-none-eabi/lib/armv7-m/libc_nano.a(lib_a-strlen.o)
                              build/ESP8266.o (strlen)
/opt/gcc-arm-none-eabi-5_4-2016q3/bin/../lib/gcc/arm-none-eabi/5.4.1/../../../../arm-none-eabi/lib/armv7-m/libc_nano.a(lib_a-strstr.o)
                              build/ESP8266.o (strstr)
/opt/gcc-arm-none-eabi-5_4-2016q3/bin/../lib/gcc/arm-none-eabi/5.4.1/../../../../arm-none-eabi/lib/armv7-m/libc_nano.a(lib_a-nano-svfprintf.o)
                              /opt/gcc-arm-none-eabi-5_4-2016q3/bin/../lib/gcc/arm-none-eabi/5.4.1/../../../../arm-none-eabi/lib/armv7-m/libc_nano.a(lib_a-sprintf.o) (_svfprintf_r)
/opt/gcc-arm-none-eabi-5_4-2016q3/bin/../lib/gcc/arm-none-eabi/5.4.1/../../../../arm-none-eabi/lib/armv7-m/libc_nano.a(lib_a-nano-vfprintf_i.o)
                              /opt/gcc-arm-none-eabi-5_4-2016q3/bin/../lib/gcc/arm-none-eabi/5.4.1/../../../../arm-none-eabi/lib/armv7-m/libc_nano.a(lib_a-nano-svfprintf.o) (_printf_i)
/opt/gcc-arm-none-eabi-5_4-2016q3/bin/../lib/gcc/arm-none-eabi/5.4.1/../../../../arm-none-eabi/lib/armv7-m/libc_nano.a(lib_a-memchr-stub.o)
                              /opt/gcc-arm-none-eabi-5_4-2016q3/bin/../lib/gcc/arm-none-eabi/5.4.1/../../../../arm-none-eabi/lib/armv7-m/libc_nano.a(lib_a-nano-svfprintf.o) (memchr)
/opt/gcc-arm-none-eabi-5_4-2016q3/bin/../lib/gcc/arm-none-eabi/5.4.1/../../../../arm-none-eabi/lib/armv7-m/libc_nano.a(lib_a-memmove.o)
                              /opt/gcc-arm-none-eabi-5_4-2016q3/bin/../lib/gcc/arm-none-eabi/5.4.1/../../../../arm-none-eabi/lib/armv7-m/libc_nano.a(lib_a-nano-svfprintf.o) (memmove)
/opt/gcc-arm-none-eabi-5_4-2016q3/bin/../lib/gcc/arm-none-eabi/5.4.1/../../../../arm-none-eabi/lib/armv7-m/libc_nano.a(lib_a-nano-freer.o)
                              /opt/gcc-arm-none-eabi-5_4-2016q3/bin/../lib/gcc/arm-none-eabi/5.4.1/../../../../arm-none-eabi/lib/armv7-m/libc_nano.a(lib_a-nano-svfprintf.o) (_free_r)
/opt/gcc-arm-none-eabi-5_4-2016q3/bin/../lib/gcc/arm-none-eabi/5.4.1/../../../../arm-none-eabi/lib/armv7-m/libc_nano.a(lib_a-nano-mallocr.o)
                              /opt/gcc-arm-none-eabi-5_4-2016q3/bin/../lib/gcc/arm-none-eabi/5.4.1/../../../../arm-none-eabi/lib/armv7-m/libc_nano.a(lib_a-nano-svfprintf.o) (_malloc_r)
/opt/gcc-arm-none-eabi-5_4-2016q3/bin/../lib/gcc/arm-none-eabi/5.4.1/../../../../arm-none-eabi/lib/armv7-m/libc_nano.a(lib_a-nano-reallocr.o)
                              /opt/gcc-arm-none-eabi-5_4-2016q3/bin/../lib/gcc/arm-none-eabi/5.4.1/../../../../arm-none-eabi/lib/armv7-m/libc_nano.a(lib_a-nano-svfprintf.o) (_realloc_r)
/opt/gcc-arm-none-eabi-5_4-2016q3/bin/../lib/gcc/arm-none-eabi/5.4.1/../../../../arm-none-eabi/lib/armv7-m/libc_nano.a(lib_a-sbrkr.o)
                              /opt/gcc-arm-none-eabi-5_4-2016q3/bin/../lib/gcc/arm-none-eabi/5.4.1/../../../../arm-none-eabi/lib/armv7-m/libc_nano.a(lib_a-nano-mallocr.o) (_sbrk_r)
/opt/gcc-arm-none-eabi-5_4-2016q3/bin/../lib/gcc/arm-none-eabi/5.4.1/../../../../arm-none-eabi/lib/armv7-m/libc_nano.a(lib_a-mlock.o)
[...]
Memory Configuration

Name             Origin             Length             Attributes
RAM              0x20000000         0x00005000         xrw
FLASH            0x08000000         0x00010000         xr
*default*        0x00000000         0xffffffff

Linker script and memory map

LOAD /opt/gcc-arm-none-eabi-5_4-2016q3/bin/../lib/gcc/arm-none-eabi/5.4.1/armv7-m/crti.o
LOAD /opt/gcc-arm-none-eabi-5_4-2016q3/bin/../lib/gcc/arm-none-eabi/5.4.1/armv7-m/crtbegin.o
LOAD /opt/gcc-arm-none-eabi-5_4-2016q3/bin/../lib/gcc/arm-none-eabi/5.4.1/../../../../arm-none-eabi/lib/armv7-m/crt0.o
LOAD build/main.o
LOAD build/gpio.o
LOAD build/usart.o
LOAD build/stm32f1xx_it.o
LOAD build/stm32f1xx_hal_msp.o
LOAD build/stm32f1xx_hal_gpio_ex.o
LOAD build/stm32f1xx_hal_tim.o
LOAD build/stm32f1xx_hal_tim_ex.o
LOAD build/stm32f1xx_hal_uart.o
LOAD build/stm32f1xx_hal.o
LOAD build/stm32f1xx_hal_rcc.o
LOAD build/stm32f1xx_hal_rcc_ex.o
LOAD build/stm32f1xx_hal_gpio.o
LOAD build/stm32f1xx_hal_dma.o
LOAD build/stm32f1xx_hal_cortex.o
LOAD build/stm32f1xx_hal_pwr.o
LOAD build/stm32f1xx_hal_flash.o
LOAD build/stm32f1xx_hal_flash_ex.o
LOAD build/system_stm32f1xx.o
LOAD build/dma.o
LOAD build/freertos.o
LOAD build/croutine.o
LOAD build/event_groups.o
LOAD build/list.o
LOAD build/queue.o
LOAD build/tasks.o
LOAD build/timers.o
LOAD build/cmsis_os.o
LOAD build/heap_4.o
LOAD build/port.o
LOAD build/spi.o
LOAD build/stm32f1xx_hal_spi.o
LOAD build/stm32f1xx_hal_spi_ex.o
LOAD build/Network_Adapter.o
LOAD build/ESP8266.o
LOAD build/Serial.o
LOAD build/Ra02.o
LOAD build/fifo.o
LOAD build/sx1276-Hal.o
LOAD build/sx12xxEiger.o
LOAD build/radio.o
LOAD build/sx1276.o
LOAD build/sx1276-LoRa.o
LOAD build/sx1276-LoRaMisc.o
LOAD build/sx1276-Fsk.o
LOAD build/sx1276-FskMisc.o
LOAD build/SmartPart.o
LOAD build/startup_stm32f103xb.o
LOAD /opt/gcc-arm-none-eabi-5_4-2016q3/bin/../lib/gcc/arm-none-eabi/5.4.1/../../../../arm-none-eabi/lib/armv7-m/libc_nano.a
LOAD /opt/gcc-arm-none-eabi-5_4-2016q3/bin/../lib/gcc/arm-none-eabi/5.4.1/../../../../arm-none-eabi/lib/armv7-m/libm.a
LOAD /opt/gcc-arm-none-eabi-5_4-2016q3/bin/../lib/gcc/arm-none-eabi/5.4.1/../../../../arm-none-eabi/lib/armv7-m/libnosys.a
START GROUP
LOAD /opt/gcc-arm-none-eabi-5_4-2016q3/bin/../lib/gcc/arm-none-eabi/5.4.1/armv7-m/libgcc.a
LOAD /opt/gcc-arm-none-eabi-5_4-2016q3/bin/../lib/gcc/arm-none-eabi/5.4.1/../../../../arm-none-eabi/lib/armv7-m/libc_nano.a
END GROUP
START GROUP
LOAD /opt/gcc-arm-none-eabi-5_4-2016q3/bin/../lib/gcc/arm-none-eabi/5.4.1/armv7-m/libgcc.a
LOAD /opt/gcc-arm-none-eabi-5_4-2016q3/bin/../lib/gcc/arm-none-eabi/5.4.1/../../../../arm-none-eabi/lib/armv7-m/libc_nano.a
END GROUP
LOAD /opt/gcc-arm-none-eabi-5_4-2016q3/bin/../lib/gcc/arm-none-eabi/5.4.1/armv7-m/crtend.o
LOAD /opt/gcc-arm-none-eabi-5_4-2016q3/bin/../lib/gcc/arm-none-eabi/5.4.1/armv7-m/crtn.o
                0x20005000                _estack = 0x20005000
                0x00000200                _Min_Heap_Size = 0x200
                0x00000400                _Min_Stack_Size = 0x400

.isr_vector     0x08000000      0x10c
                0x08000000                . = ALIGN (0x4)
 *(.isr_vector)
 .isr_vector    0x08000000      0x10c build/startup_stm32f103xb.o
                0x08000000                g_pfnVectors
                0x0800010c                . = ALIGN (0x4)

.text           0x08000110     0x6364
                0x08000110                . = ALIGN (0x4)
 *(.text)
 .text          0x08000110       0x5c /opt/gcc-arm-none-eabi-5_4-2016q3/bin/../lib/gcc/arm-none-eabi/5.4.1/armv7-m/crtbegin.o
 .text          0x0800016c       0x10 /opt/gcc-arm-none-eabi-5_4-2016q3/bin/../lib/gcc/arm-none-eabi/5.4.1/../../../../arm-none-eabi/lib/armv7-m/libc_nano.a(lib_a-strlen.o)
                0x0800016c                strlen
 .text          0x0800017c      0x370 /opt/gcc-arm-none-eabi-5_4-2016q3/bin/../lib/gcc/arm-none-eabi/5.4.1/armv7-m/libgcc.a(_arm_addsubdf3.o)
                0x0800017c                __aeabi_drsub
                0x08000184                __aeabi_dsub
                0x08000184                __subdf3
                0x08000188                __adddf3
                0x08000188                __aeabi_dadd
                0x08000400                __aeabi_ui2d
                0x08000400                __floatunsidf
                0x08000420                __floatsidf
                0x08000420                __aeabi_i2d
                0x08000444                __extendsfdf2
                0x08000444                __aeabi_f2d
                0x08000480                __aeabi_ul2d
                0x08000480                __floatundidf
                0x08000490                __floatdidf
                0x08000490                __aeabi_l2d
 .text          0x080004ec      0x424 /opt/gcc-arm-none-eabi-5_4-2016q3/bin/../lib/gcc/arm-none-eabi/5.4.1/armv7-m/libgcc.a(_arm_muldivdf3.o)
                0x080004ec                __aeabi_dmul
                0x080004ec                __muldf3
                0x08000740                __aeabi_ddiv
                0x08000740                __divdf3
 .text          0x08000910       0x50 /opt/gcc-arm-none-eabi-5_4-2016q3/bin/../lib/gcc/arm-none-eabi/5.4.1/armv7-m/libgcc.a(_arm_fixdfsi.o)
                0x08000910                __fixdfsi
                0x08000910                __aeabi_d2iz
 .text          0x08000960       0x40 /opt/gcc-arm-none-eabi-5_4-2016q3/bin/../lib/gcc/arm-none-eabi/5.4.1/armv7-m/libgcc.a(_arm_fixunsdfsi.o)
                0x08000960                __fixunsdfsi
                0x08000960                __aeabi_d2uiz
 *(.text*)
 .text.SystemClock_Config
                0x080009a0       0x54 build/main.o
                0x080009a0                SystemClock_Config
 .text.main     0x080009f4       0x28 build/main.o
                0x080009f4                main
 .text.Error_Handler
                0x08000a1c        0x4 build/main.o
                0x08000a1c                Error_Handler
 .text.MX_GPIO_Init
                0x08000a20       0xcc build/gpio.o
                0x08000a20                MX_GPIO_Init
 .text.MX_USART1_UART_Init
                0x08000aec       0x34 build/usart.o
                0x08000aec                MX_USART1_UART_Init
 .text.HAL_UART_MspInit
                0x08000b20       0xb8 build/usart.o
                0x08000b20                HAL_UART_MspInit
 .text.NMI_Handler
                0x08000bd8        0x4 build/stm32f1xx_it.o
                0x08000bd8                NMI_Handler
 .text.HardFault_Handler
                0x08000bdc        0x4 build/stm32f1xx_it.o
                0x08000bdc                HardFault_Handler
 .text.MemManage_Handler
                0x08000be0        0x4 build/stm32f1xx_it.o
                0x08000be0                MemManage_Handler
 .text.BusFault_Handler
                0x08000be4        0x4 build/stm32f1xx_it.o
                0x08000be4                BusFault_Handler
 .text.UsageFault_Handler
                0x08000be8        0x4 build/stm32f1xx_it.o
                0x08000be8                UsageFault_Handler
 .text.DebugMon_Handler
                0x08000bec        0x4 build/stm32f1xx_it.o
                0x08000bec                DebugMon_Handler
 .text.SysTick_Handler
                0x08000bf0        0xc build/stm32f1xx_it.o
                0x08000bf0                SysTick_Handler
 .text.DMA1_Channel5_IRQHandler
                0x08000bfc       0x10 build/stm32f1xx_it.o
                0x08000bfc                DMA1_Channel5_IRQHandler
 .text.USART1_IRQHandler
                0x08000c0c       0x18 build/stm32f1xx_it.o
                0x08000c0c                USART1_IRQHandler
 .text.HAL_MspInit
                0x08000c24       0x54 build/stm32f1xx_hal_msp.o
                0x08000c24                HAL_MspInit
 .text.UART_EndTxTransfer
                0x08000c78       0x14 build/stm32f1xx_hal_uart.o
 .text.UART_EndRxTransfer
                0x08000c8c       0x1c build/stm32f1xx_hal_uart.o
 .text.UART_Transmit_IT
                0x08000ca8       0x6c build/stm32f1xx_hal_uart.o
 .text.UART_SetConfig
                0x08000d14      0x1bc build/stm32f1xx_hal_uart.o
 .text.UART_WaitOnFlagUntilTimeout
                0x08000ed0       0x68 build/stm32f1xx_hal_uart.o
 .text.HAL_UART_Init
                0x08000f38       0x64 build/stm32f1xx_hal_uart.o
                0x08000f38                HAL_UART_Init
 .text.HAL_UART_Transmit
                0x08000f9c       0xe4 build/stm32f1xx_hal_uart.o
                0x08000f9c                HAL_UART_Transmit
 .text.HAL_UART_Receive_DMA
                0x08001080       0xa8 build/stm32f1xx_hal_uart.o
                0x08001080                HAL_UART_Receive_DMA
 .text.HAL_UART_DMAStop
                0x08001128       0x5c build/stm32f1xx_hal_uart.o
                0x08001128                HAL_UART_DMAStop
 .text.HAL_UART_TxCpltCallback
                0x08001184        0x4 build/stm32f1xx_hal_uart.o
                0x08001184                HAL_UART_TxCpltCallback
 .text.UART_EndTransmit_IT
                0x08001188       0x1c build/stm32f1xx_hal_uart.o
 .text.HAL_UART_RxCpltCallback
                0x080011a4        0x4 build/stm32f1xx_hal_uart.o
                0x080011a4                HAL_UART_RxCpltCallback
 .text.UART_DMAReceiveCplt
                0x080011a8       0x40 build/stm32f1xx_hal_uart.o
 .text.UART_Receive_IT
                0x080011e8       0xa0 build/stm32f1xx_hal_uart.o
 .text.HAL_UART_RxHalfCpltCallback
                0x08001288        0x4 build/stm32f1xx_hal_uart.o
                0x08001288                HAL_UART_RxHalfCpltCallback
 .text.UART_DMARxHalfCplt
                0x0800128c        0xc build/stm32f1xx_hal_uart.o
 .text.HAL_UART_ErrorCallback
                0x08001298        0x4 build/stm32f1xx_hal_uart.o
                0x08001298                HAL_UART_ErrorCallback
 .text.UART_DMAError
                0x0800129c       0x50 build/stm32f1xx_hal_uart.o
 .text.HAL_UART_IRQHandler
                0x080012ec      0x11c build/stm32f1xx_hal_uart.o
                0x080012ec                HAL_UART_IRQHandler
 .text.UART_DMAAbortOnError
                0x08001408       0x10 build/stm32f1xx_hal_uart.o
 .text.HAL_InitTick
                0x08001418       0x4c build/stm32f1xx_hal.o
                0x08001418                HAL_InitTick
 .text.HAL_Init
                0x08001464       0x24 build/stm32f1xx_hal.o
                0x08001464                HAL_Init
 .text.HAL_IncTick
                0x08001488       0x18 build/stm32f1xx_hal.o
                0x08001488                HAL_IncTick
 .text.HAL_GetTick
                0x080014a0        0xc build/stm32f1xx_hal.o
                0x080014a0                HAL_GetTick
 .text.RCC_Delay
                0x080014ac       0x2c build/stm32f1xx_hal_rcc.o
 .text.HAL_RCC_OscConfig
                0x080014d8      0x400 build/stm32f1xx_hal_rcc.o
                0x080014d8                HAL_RCC_OscConfig
 .text.HAL_RCC_GetSysClockFreq
                0x080018d8       0x70 build/stm32f1xx_hal_rcc.o
                0x080018d8                HAL_RCC_GetSysClockFreq
 .text.HAL_RCC_ClockConfig
                0x08001948      0x1a8 build/stm32f1xx_hal_rcc.o
                0x08001948                HAL_RCC_ClockConfig
 .text.HAL_RCC_GetHCLKFreq
                0x08001af0        0xc build/stm32f1xx_hal_rcc.o
                0x08001af0                HAL_RCC_GetHCLKFreq
 .text.HAL_RCC_GetPCLK1Freq
                0x08001afc       0x20 build/stm32f1xx_hal_rcc.o
                0x08001afc                HAL_RCC_GetPCLK1Freq
 .text.HAL_RCC_GetPCLK2Freq
                0x08001b1c       0x20 build/stm32f1xx_hal_rcc.o
                0x08001b1c                HAL_RCC_GetPCLK2Freq
 .text.HAL_GPIO_Init
                0x08001b3c      0x1d8 build/stm32f1xx_hal_gpio.o
                0x08001b3c                HAL_GPIO_Init
 .text.HAL_GPIO_ReadPin
                0x08001d14       0x10 build/stm32f1xx_hal_gpio.o
                0x08001d14                HAL_GPIO_ReadPin
 .text.HAL_GPIO_WritePin
                0x08001d24        0xc build/stm32f1xx_hal_gpio.o
                0x08001d24                HAL_GPIO_WritePin
 .text.HAL_GPIO_TogglePin
                0x08001d30        0x8 build/stm32f1xx_hal_gpio.o
                0x08001d30                HAL_GPIO_TogglePin
 .text.DMA_SetConfig
                0x08001d38       0x2c build/stm32f1xx_hal_dma.o
 .text.HAL_DMA_Init
                0x08001d64       0x70 build/stm32f1xx_hal_dma.o
                0x08001d64                HAL_DMA_Init
 .text.HAL_DMA_Start_IT
                0x08001dd4       0x74 build/stm32f1xx_hal_dma.o
                0x08001dd4                HAL_DMA_Start_IT
 .text.HAL_DMA_Abort
                0x08001e48       0x30 build/stm32f1xx_hal_dma.o
                0x08001e48                HAL_DMA_Abort
 .text.HAL_DMA_Abort_IT
                0x08001e78       0x98 build/stm32f1xx_hal_dma.o
                0x08001e78                HAL_DMA_Abort_IT
 .text.HAL_DMA_IRQHandler
                0x08001f10      0x144 build/stm32f1xx_hal_dma.o
                0x08001f10                HAL_DMA_IRQHandler
 .text.HAL_NVIC_SetPriorityGrouping
                0x08002054       0x24 build/stm32f1xx_hal_cortex.o
                0x08002054                HAL_NVIC_SetPriorityGrouping
 .text.HAL_NVIC_SetPriority
                0x08002078       0x64 build/stm32f1xx_hal_cortex.o
                0x08002078                HAL_NVIC_SetPriority
 .text.HAL_NVIC_EnableIRQ
                0x080020dc       0x18 build/stm32f1xx_hal_cortex.o
                0x080020dc                HAL_NVIC_EnableIRQ
 .text.HAL_SYSTICK_Config
                0x080020f4       0x2c build/stm32f1xx_hal_cortex.o
                0x080020f4                HAL_SYSTICK_Config
 .text.SystemInit
                0x08002120       0x4c build/system_stm32f1xx.o
                0x08002120                SystemInit
 .text.SystemCoreClockUpdate
                0x0800216c       0x94 build/system_stm32f1xx.o
                0x0800216c                SystemCoreClockUpdate
 .text.MX_DMA_Init
                0x08002200       0x34 build/dma.o
                0x08002200                MX_DMA_Init
 .text.StartDefaultTask
                0x08002234        0xc build/freertos.o
                0x08002234                StartDefaultTask
 .text.MX_FREERTOS_Init
                0x08002240       0x44 build/freertos.o
                0x08002240                MX_FREERTOS_Init
 .text.vListInitialise
                0x08002284       0x18 build/list.o
                0x08002284                vListInitialise
 .text.vListInitialiseItem
                0x0800229c        0x8 build/list.o
                0x0800229c                vListInitialiseItem
 .text.vListInsertEnd
                0x080022a4       0x18 build/list.o
                0x080022a4                vListInsertEnd
 .text.vListInsert
                0x080022bc       0x34 build/list.o
                0x080022bc                vListInsert
 .text.uxListRemove
                0x080022f0       0x24 build/list.o
                0x080022f0                uxListRemove
 .text.prvIsQueueFull
                0x08002314       0x20 build/queue.o
 .text.prvIsQueueEmpty
                0x08002334       0x1c build/queue.o
 .text.prvCopyDataToQueue
                0x08002350       0x78 build/queue.o
 .text.prvCopyDataFromQueue
                0x080023c8       0x24 build/queue.o
 .text.prvUnlockQueue
                0x080023ec       0x68 build/queue.o
 .text.xQueueGenericReset
                0x08002454       0x80 build/queue.o
                0x08002454                xQueueGenericReset
 .text.prvInitialiseNewQueue
                0x080024d4       0x1c build/queue.o
 .text.xQueueGenericCreate
                0x080024f0       0x4c build/queue.o
                0x080024f0                xQueueGenericCreate
 .text.xQueueGenericSend
                0x0800253c      0x190 build/queue.o
                0x0800253c                xQueueGenericSend
 .text.prvInitialiseMutex
                0x080026cc       0x18 build/queue.o
 .text.xQueueCreateMutex
                0x080026e4       0x18 build/queue.o
                0x080026e4                xQueueCreateMutex
 .text.xQueueGenericReceive
                0x080026fc      0x1a0 build/queue.o
                0x080026fc                xQueueGenericReceive
 .text.prvResetNextTaskUnblockTime
                0x0800289c       0x34 build/tasks.o
 .text.prvDeleteTCB
                0x080028d0       0x14 build/tasks.o
 .text.prvInitialiseNewTask
                0x080028e4       0x80 build/tasks.o
 .text.prvInitialiseTaskLists
                0x08002964       0x68 build/tasks.o
 .text.prvAddNewTaskToReadyList
                0x080029cc       0xa8 build/tasks.o
 .text.prvAddCurrentTaskToDelayedList
                0x08002a74       0x98 build/tasks.o
 .text.xTaskCreate
                0x08002b0c       0x64 build/tasks.o
                0x08002b0c                xTaskCreate
 .text.vTaskDelete
                0x08002b70       0xdc build/tasks.o
                0x08002b70                vTaskDelete
 .text.vTaskStartScheduler
                0x08002c4c       0x7c build/tasks.o
                0x08002c4c                vTaskStartScheduler
 .text.vTaskSuspendAll
                0x08002cc8       0x10 build/tasks.o
                0x08002cc8                vTaskSuspendAll
 .text.xTaskIncrementTick
                0x08002cd8      0x124 build/tasks.o
                0x08002cd8                xTaskIncrementTick
 .text.xTaskResumeAll
                0x08002dfc       0xf8 build/tasks.o
                0x08002dfc                xTaskResumeAll
 .text.vTaskDelay
                0x08002ef4       0x50 build/tasks.o
                0x08002ef4                vTaskDelay
 .text.prvCheckTasksWaitingTermination
                0x08002f44       0x54 build/tasks.o
 .text.prvIdleTask
                0x08002f98       0x28 build/tasks.o
 .text.vTaskSwitchContext
                0x08002fc0       0x94 build/tasks.o
                0x08002fc0                vTaskSwitchContext
 .text.vTaskPlaceOnEventList
                0x08003054       0x30 build/tasks.o
                0x08003054                vTaskPlaceOnEventList
 .text.xTaskRemoveFromEventList
                0x08003084       0x8c build/tasks.o
                0x08003084                xTaskRemoveFromEventList
 .text.vTaskSetTimeOutState
                0x08003110       0x2c build/tasks.o
                0x08003110                vTaskSetTimeOutState
 .text.xTaskCheckForTimeOut
                0x0800313c       0x80 build/tasks.o
                0x0800313c                xTaskCheckForTimeOut
 .text.vTaskMissedYield
                0x080031bc        0xc build/tasks.o
                0x080031bc                vTaskMissedYield
 .text.xTaskGetSchedulerState
                0x080031c8       0x20 build/tasks.o
                0x080031c8                xTaskGetSchedulerState
 .text.vTaskPriorityInherit
                0x080031e8       0xa8 build/tasks.o
                0x080031e8                vTaskPriorityInherit
 .text.xTaskPriorityDisinherit
                0x08003290       0xb4 build/tasks.o
                0x08003290                xTaskPriorityDisinherit
 .text.pvTaskIncrementMutexHeldCount
                0x08003344       0x1c build/tasks.o
                0x08003344                pvTaskIncrementMutexHeldCount
 .text.makeFreeRtosPriority
                0x08003360        0xc build/cmsis_os.o
 .text.osKernelStart
                0x0800336c        0xc build/cmsis_os.o
                0x0800336c                osKernelStart
 .text.osThreadCreate
                0x08003378       0x34 build/cmsis_os.o
                0x08003378                osThreadCreate
 .text.osDelay  0x080033ac       0x10 build/cmsis_os.o
                0x080033ac                osDelay
 .text.osSystickHandler
                0x080033bc       0x10 build/cmsis_os.o
                0x080033bc                osSystickHandler
 .text.prvHeapInit
                0x080033cc       0x64 build/heap_4.o
 .text.prvInsertBlockIntoFreeList
                0x08003430       0x54 build/heap_4.o
 .text.pvPortMalloc
                0x08003484      0x104 build/heap_4.o
                0x08003484                pvPortMalloc
 .text.vPortFree
                0x08003588       0x78 build/heap_4.o
                0x08003588                vPortFree
 .text.prvTaskExitError
                0x08003600       0x34 build/port.o
 .text.prvPortStartFirstTask
                0x08003634       0x20 build/port.o
 .text.pxPortInitialiseStack
                0x08003654       0x24 build/port.o
                0x08003654                pxPortInitialiseStack
 *fill*         0x08003678        0x8 
 .text.SVC_Handler
                0x08003680       0x24 build/port.o
                0x08003680                SVC_Handler
 .text.vPortEnterCritical
                0x080036a4       0x44 build/port.o
                0x080036a4                vPortEnterCritical
 .text.vPortExitCritical
                0x080036e8       0x2c build/port.o
                0x080036e8                vPortExitCritical
 *fill*         0x08003714        0xc 
 .text.PendSV_Handler
                0x08003720       0x44 build/port.o
                0x08003720                PendSV_Handler
 .text.xPortSysTickHandler
                0x08003764       0x2c build/port.o
                0x08003764                xPortSysTickHandler
 .text.vPortSetupTimerInterrupt
                0x08003790       0x2c build/port.o
                0x08003790                vPortSetupTimerInterrupt
 .text.xPortStartScheduler
                0x080037bc       0x98 build/port.o
                0x080037bc                xPortStartScheduler
 .text.MX_SPI1_Init
                0x08003854       0x40 build/spi.o
                0x08003854                MX_SPI1_Init
 .text.HAL_SPI_MspInit
                0x08003894       0x74 build/spi.o
                0x08003894                HAL_SPI_MspInit
 .text.SpiInOut
                0x08003908       0x34 build/spi.o
                0x08003908                SpiInOut
 .text.SPI_WaitFlagStateUntilTimeout
                0x0800393c       0x94 build/stm32f1xx_hal_spi.o
 .text.SPI_CheckFlag_BSY
                0x080039d0       0x28 build/stm32f1xx_hal_spi.o
 .text.HAL_SPI_TransmitReceive
                0x080039f8      0x244 build/stm32f1xx_hal_spi.o
                0x080039f8                HAL_SPI_TransmitReceive
 .text.HAL_SPI_Init
                0x08003c3c       0x84 build/stm32f1xx_hal_spi_ex.o
                0x08003c3c                HAL_SPI_Init
 .text.__Adapter_Get_Network_Status
                0x08003cc0        0xc build/Network_Adapter.o
 .text.Status_Changed_Callback
                0x08003ccc       0x10 build/Network_Adapter.o
 .text.__Adapter_TCP_Connect
                0x08003cdc       0x34 build/Network_Adapter.o
 .text.__Adapter_UDP_Connect
                0x08003d10       0x30 build/Network_Adapter.o
 .text.__Adapter_write
                0x08003d40       0x10 build/Network_Adapter.o
 .text.__read_nb
                0x08003d50       0x10 build/Network_Adapter.o
 .text.__read   0x08003d60       0x10 build/Network_Adapter.o
 .text.__Adapter_Init
                0x08003d70       0xa0 build/Network_Adapter.o
 .text.Network_Adapter_Init
                0x08003e10       0x54 build/Network_Adapter.o
                0x08003e10                Network_Adapter_Init
 .text.Copy_to_ACK_Cache
                0x08003e64       0x50 build/ESP8266.o
 .text.__Listen_ESP8266
                0x08003eb4       0x90 build/ESP8266.o
                0x08003eb4                __Listen_ESP8266
 .text.__RST    0x08003f44       0x24 build/ESP8266.o
 .text.__Stop_Listen_ESP8266
                0x08003f68       0x28 build/ESP8266.o
 .text.__read_nb
                0x08003f90       0x84 build/ESP8266.o
 .text.__read   0x08004014       0x2c build/ESP8266.o
 .text.Command_Process_Over
                0x08004040       0x28 build/ESP8266.o
 .text.__Trans_WaitACK_UntilTimeout
                0x08004068       0xf8 build/ESP8266.o
 .text.__Transmit_Data
                0x08004160       0x94 build/ESP8266.o
 .text.__Connect_Server
                0x080041f4       0xb0 build/ESP8266.o
 .text.__Connect_wifi
                0x080042a4       0x54 build/ESP8266.o
 .text.__Tran_WaitACK_NoParameter
                0x080042f8       0x44 build/ESP8266.o
 .text.__Start_Listen_ESP8266
                0x0800433c       0x44 build/ESP8266.o
 .text.ESP8266_Handle_Init
                0x08004380       0x9c build/ESP8266.o
                0x08004380                ESP8266_Handle_Init
 .text.new_Serial
                0x0800441c       0x1c build/Serial.o
                0x0800441c                new_Serial
 .text.Serial_Start_DMA_Receive
                0x08004438       0x40 build/Serial.o
                0x08004438                Serial_Start_DMA_Receive
 .text.Serial_Stop_DMA_Receive
                0x08004478       0x18 build/Serial.o
                0x08004478                Serial_Stop_DMA_Receive
 .text.Serial_Get_Running_Flags
                0x08004490        0x4 build/Serial.o
                0x08004490                Serial_Get_Running_Flags
 .text.Serial_Get_Receive_Flags
                0x08004494        0x4 build/Serial.o
                0x08004494                Serial_Get_Receive_Flags
 .text.Serial_Get_Receive_Buff
                0x08004498        0x4 build/Serial.o
                0x08004498                Serial_Get_Receive_Buff
 .text.Serial_Get_Receive_Len
                0x0800449c        0x8 build/Serial.o
                0x0800449c                Serial_Get_Receive_Len
 .text.Serial_Interrupt_Process
                0x080044a4       0x44 build/Serial.o
                0x080044a4                Serial_Interrupt_Process
 .text.Lora_Receive_Task
                0x080044e8       0x78 build/Ra02.o
                0x080044e8                Lora_Receive_Task
 .text.Lora_Wait_Package_nb
                0x08004560       0x24 build/Ra02.o
                0x08004560                Lora_Wait_Package_nb
 .text.Lora_Wait_Package
                0x08004584       0x2c build/Ra02.o
                0x08004584                Lora_Wait_Package
 .text.Lora_Init
                0x080045b0       0x60 build/Ra02.o
                0x080045b0                Lora_Init
 .text.SX1276InitIo
                0x08004610        0x4 build/sx1276-Hal.o
                0x08004610                SX1276InitIo
 .text.SX1276SetReset
                0x08004614        0x4 build/sx1276-Hal.o
                0x08004614                SX1276SetReset
 .text.SX1276WriteBuffer
                0x08004618       0x40 build/sx1276-Hal.o
                0x08004618                SX1276WriteBuffer
 .text.SX1276Write
                0x08004658       0x18 build/sx1276-Hal.o
                0x08004658                SX1276Write
 .text.SX1276ReadBuffer
                0x08004670       0x44 build/sx1276-Hal.o
                0x08004670                SX1276ReadBuffer
 .text.SX1276Read
                0x080046b4        0xc build/sx1276-Hal.o
                0x080046b4                SX1276Read
 .text.SX1276WriteFifo
                0x080046c0       0x10 build/sx1276-Hal.o
                0x080046c0                SX1276WriteFifo
 .text.SX1276ReadFifo
                0x080046d0       0x10 build/sx1276-Hal.o
                0x080046d0                SX1276ReadFifo
 .text.SX1276ReadDio0
                0x080046e0       0x14 build/sx1276-Hal.o
                0x080046e0                SX1276ReadDio0
 .text.SX1276ReadDio1
                0x080046f4       0x14 build/sx1276-Hal.o
                0x080046f4                SX1276ReadDio1
 .text.SX1276ReadDio2
                0x08004708       0x14 build/sx1276-Hal.o
                0x08004708                SX1276ReadDio2
 .text.SX1276ReadDio3
                0x0800471c        0x4 build/sx1276-Hal.o
                0x0800471c                SX1276ReadDio3
 .text.SX1276ReadDio4
                0x08004720        0x4 build/sx1276-Hal.o
                0x08004720                SX1276ReadDio4
 .text.SX1276WriteRxTx
                0x08004724        0x4 build/sx1276-Hal.o
                0x08004724                SX1276WriteRxTx
 .text.RadioDriverInit
                0x08004728       0x38 build/radio.o
                0x08004728                RadioDriverInit
 .text.SX1276Reset
                0x08004760       0x30 build/sx1276.o
                0x08004760                SX1276Reset
 .text.SX1276SetLoRaOn
                0x08004790       0x98 build/sx1276.o
                0x08004790                SX1276SetLoRaOn
 .text.SX1276Init
                0x08004828       0x34 build/sx1276.o
                0x08004828                SX1276Init
 .text.SX1276StartRx
                0x0800485c       0x1c build/sx1276.o
                0x0800485c                SX1276StartRx
 .text.SX1276GetRxPacket
                0x08004878       0x18 build/sx1276.o
                0x08004878                SX1276GetRxPacket
 .text.SX1276SetTxPacket
                0x08004890       0x18 build/sx1276.o
                0x08004890                SX1276SetTxPacket
 .text.SX1276Process
                0x080048a8       0x18 build/sx1276.o
                0x080048a8                SX1276Process
 .text.SX1276LoRaSetDefaults
                0x080048c0       0x14 build/sx1276-LoRa.o
                0x080048c0                SX1276LoRaSetDefaults
 .text.SX1276LoRaSetOpMode
                0x080048d4       0x54 build/sx1276-LoRa.o
                0x080048d4                SX1276LoRaSetOpMode
 .text.SX1276LoRaInit
                0x08004928       0xb4 build/sx1276-LoRa.o
                0x08004928                SX1276LoRaInit
 .text.SX1276LoRaReadRxGain
                0x080049dc       0x1c build/sx1276-LoRa.o
                0x080049dc                SX1276LoRaReadRxGain
 .text.SX1276LoRaGetRxPacket
                0x080049f8       0x1c build/sx1276-LoRa.o
                0x080049f8                SX1276LoRaGetRxPacket
 .text.SX1276LoRaSetTxPacket
                0x08004a14       0x24 build/sx1276-LoRa.o
                0x08004a14                SX1276LoRaSetTxPacket
 .text.SX1276LoRaSetRFState
                0x08004a38        0xc build/sx1276-LoRa.o
                0x08004a38                SX1276LoRaSetRFState
 *fill*         0x08004a44        0x4 
 .text.SX1276LoRaProcess
                0x08004a48      0x590 build/sx1276-LoRa.o
                0x08004a48                SX1276LoRaProcess
 .text.SX1276LoRaSetRFFrequency
                0x08004fd8       0x48 build/sx1276-LoRaMisc.o
                0x08004fd8                SX1276LoRaSetRFFrequency
 .text.SX1276LoRaSetRFPower
                0x08005020       0xac build/sx1276-LoRaMisc.o
                0x08005020                SX1276LoRaSetRFPower
 .text.SX1276LoRaSetSignalBandwidth
                0x080050cc       0x34 build/sx1276-LoRaMisc.o
                0x080050cc                SX1276LoRaSetSignalBandwidth
 .text.SX1276LoRaSetErrorCoding
                0x08005100       0x34 build/sx1276-LoRaMisc.o
                0x08005100                SX1276LoRaSetErrorCoding
 .text.SX1276LoRaSetPacketCrcOn
                0x08005134       0x34 build/sx1276-LoRaMisc.o
                0x08005134                SX1276LoRaSetPacketCrcOn
 .text.SX1276LoRaSetImplicitHeaderOn
                0x08005168       0x30 build/sx1276-LoRaMisc.o
                0x08005168                SX1276LoRaSetImplicitHeaderOn
 .text.SX1276LoRaSetPayloadLength
                0x08005198       0x24 build/sx1276-LoRaMisc.o
                0x08005198                SX1276LoRaSetPayloadLength
 .text.SX1276LoRaSetPa20dBm
                0x080051bc       0x44 build/sx1276-LoRaMisc.o
                0x080051bc                SX1276LoRaSetPa20dBm
 .text.SX1276LoRaSetPAOutput
                0x08005200       0x28 build/sx1276-LoRaMisc.o
                0x08005200                SX1276LoRaSetPAOutput
 .text.SX1276LoRaSetSymbTimeout
                0x08005228       0x34 build/sx1276-LoRaMisc.o
                0x08005228                SX1276LoRaSetSymbTimeout
 .text.SX1276LoRaSetLowDatarateOptimize
                0x0800525c       0x30 build/sx1276-LoRaMisc.o
                0x0800525c                SX1276LoRaSetLowDatarateOptimize
 .text.SX1276LoRaSetNbTrigPeaks
                0x0800528c       0x2c build/sx1276-LoRaMisc.o
                0x0800528c                SX1276LoRaSetNbTrigPeaks
 .text.SX1276LoRaSetSpreadingFactor
                0x080052b8       0x58 build/sx1276-LoRaMisc.o
                0x080052b8                SX1276LoRaSetSpreadingFactor
 .text.SX1276FskSetOpMode
                0x08005310       0x54 build/sx1276-Fsk.o
                0x08005310                SX1276FskSetOpMode
 *fill*         0x08005364        0x4 
 .text.SX1276FskReadAfc
                0x08005368       0x3c build/sx1276-Fsk.o
                0x08005368                SX1276FskReadAfc
 .text.SX1276FskReadRxGain
                0x080053a4       0x1c build/sx1276-Fsk.o
                0x080053a4                SX1276FskReadRxGain
 .text.SX1276FskReadRssi
                0x080053c0       0x34 build/sx1276-Fsk.o
                0x080053c0                SX1276FskReadRssi
 .text.SX1276FskGetRxPacket
                0x080053f4       0x20 build/sx1276-Fsk.o
                0x080053f4                SX1276FskGetRxPacket
 .text.SX1276FskSetTxPacket
                0x08005414       0x24 build/sx1276-Fsk.o
                0x08005414                SX1276FskSetTxPacket
 .text.SX1276FskGetPacketPayloadSize
                0x08005438       0x44 build/sx1276-Fsk.o
                0x08005438                SX1276FskGetPacketPayloadSize
 .text.SX1276FskSetRFState
                0x0800547c        0xc build/sx1276-Fsk.o
                0x0800547c                SX1276FskSetRFState
 .text.SX1276FskProcess
                0x08005488      0x520 build/sx1276-Fsk.o
                0x08005488                SX1276FskProcess
 .text.Lora_Process_Task
                0x080059a8       0x38 build/SmartPart.o
                0x080059a8                Lora_Process_Task
 .text.SmartPart_Task
                0x080059e0       0x68 build/SmartPart.o
                0x080059e0                SmartPart_Task
 .text.Reset_Handler
                0x08005a48       0x48 build/startup_stm32f103xb.o
                0x08005a48                Reset_Handler
 .text.Default_Handler
                0x08005a90        0x2 build/startup_stm32f103xb.o
                0x08005a90                RTC_Alarm_IRQHandler
                0x08005a90                EXTI2_IRQHandler
                0x08005a90                TIM1_CC_IRQHandler
                0x08005a90                PVD_IRQHandler
                0x08005a90                EXTI3_IRQHandler
                0x08005a90                EXTI0_IRQHandler
                0x08005a90                I2C2_EV_IRQHandler
                0x08005a90                ADC1_2_IRQHandler
                0x08005a90                SPI1_IRQHandler
                0x08005a90                TAMPER_IRQHandler
                0x08005a90                DMA1_Channel4_IRQHandler
                0x08005a90                USART3_IRQHandler
                0x08005a90                RTC_IRQHandler
                0x08005a90                DMA1_Channel7_IRQHandler
                0x08005a90                CAN1_RX1_IRQHandler
                0x08005a90                TIM4_IRQHandler
                0x08005a90                I2C1_EV_IRQHandler
                0x08005a90                DMA1_Channel6_IRQHandler
                0x08005a90                TIM3_IRQHandler
                0x08005a90                RCC_IRQHandler
                0x08005a90                TIM1_TRG_COM_IRQHandler
                0x08005a90                DMA1_Channel1_IRQHandler
                0x08005a90                Default_Handler
                0x08005a90                EXTI15_10_IRQHandler
                0x08005a90                EXTI9_5_IRQHandler
                0x08005a90                SPI2_IRQHandler
                0x08005a90                EXTI4_IRQHandler
                0x08005a90                USB_LP_CAN1_RX0_IRQHandler
                0x08005a90                USB_HP_CAN1_TX_IRQHandler
                0x08005a90                DMA1_Channel3_IRQHandler
                0x08005a90                TIM1_UP_IRQHandler
                0x08005a90                WWDG_IRQHandler
                0x08005a90                TIM2_IRQHandler
                0x08005a90                TIM1_BRK_IRQHandler
                0x08005a90                EXTI1_IRQHandler
                0x08005a90                USART2_IRQHandler
                0x08005a90                I2C2_ER_IRQHandler
                0x08005a90                DMA1_Channel2_IRQHandler
                0x08005a90                CAN1_SCE_IRQHandler
                0x08005a90                FLASH_IRQHandler
                0x08005a90                I2C1_ER_IRQHandler
                0x08005a90                USBWakeUp_IRQHandler
 *fill*         0x08005a92        0x2 
 .text.__libc_init_array
                0x08005a94       0x4c /opt/gcc-arm-none-eabi-5_4-2016q3/bin/../lib/gcc/arm-none-eabi/5.4.1/../../../../arm-none-eabi/lib/armv7-m/libc_nano.a(lib_a-init.o)
                0x08005a94                __libc_init_array
 .text.memcpy   0x08005ae0       0x16 /opt/gcc-arm-none-eabi-5_4-2016q3/bin/../lib/gcc/arm-none-eabi/5.4.1/../../../../arm-none-eabi/lib/armv7-m/libc_nano.a(lib_a-memcpy-stub.o)
                0x08005ae0                memcpy
 .text.memset   0x08005af6       0x10 /opt/gcc-arm-none-eabi-5_4-2016q3/bin/../lib/gcc/arm-none-eabi/5.4.1/../../../../arm-none-eabi/lib/armv7-m/libc_nano.a(lib_a-memset.o)
                0x08005af6                memset
 *fill*         0x08005b06        0x2 
 .text.sprintf  0x08005b08       0x48 /opt/gcc-arm-none-eabi-5_4-2016q3/bin/../lib/gcc/arm-none-eabi/5.4.1/../../../../arm-none-eabi/lib/armv7-m/libc_nano.a(lib_a-sprintf.o)
                0x08005b08                sprintf
                0x08005b08                siprintf
 .text.strchr   0x08005b50       0x1c /opt/gcc-arm-none-eabi-5_4-2016q3/bin/../lib/gcc/arm-none-eabi/5.4.1/../../../../arm-none-eabi/lib/armv7-m/libc_nano.a(lib_a-strchr.o)
                0x08005b50                strchr
 .text.strstr   0x08005b6c       0x34 /opt/gcc-arm-none-eabi-5_4-2016q3/bin/../lib/gcc/arm-none-eabi/5.4.1/../../../../arm-none-eabi/lib/armv7-m/libc_nano.a(lib_a-strstr.o)
                0x08005b6c                strstr
 .text.__ssputs_r
                0x08005ba0       0xb2 /opt/gcc-arm-none-eabi-5_4-2016q3/bin/../lib/gcc/arm-none-eabi/5.4.1/../../../../arm-none-eabi/lib/armv7-m/libc_nano.a(lib_a-nano-svfprintf.o)
                0x08005ba0                __ssputs_r
 *fill*         0x08005c52        0x2 
 .text._svfprintf_r
                0x08005c54      0x1e8 /opt/gcc-arm-none-eabi-5_4-2016q3/bin/../lib/gcc/arm-none-eabi/5.4.1/../../../../arm-none-eabi/lib/armv7-m/libc_nano.a(lib_a-nano-svfprintf.o)
                0x08005c54                _svfprintf_r
                0x08005c54                _svfiprintf_r
 .text._printf_common
                0x08005e3c       0xec /opt/gcc-arm-none-eabi-5_4-2016q3/bin/../lib/gcc/arm-none-eabi/5.4.1/../../../../arm-none-eabi/lib/armv7-m/libc_nano.a(lib_a-nano-vfprintf_i.o)
                0x08005e3c                _printf_common
 .text._printf_i
                0x08005f28      0x24c /opt/gcc-arm-none-eabi-5_4-2016q3/bin/../lib/gcc/arm-none-eabi/5.4.1/../../../../arm-none-eabi/lib/armv7-m/libc_nano.a(lib_a-nano-vfprintf_i.o)
                0x08005f28                _printf_i
 .text.memchr   0x08006174       0x1c /opt/gcc-arm-none-eabi-5_4-2016q3/bin/../lib/gcc/arm-none-eabi/5.4.1/../../../../arm-none-eabi/lib/armv7-m/libc_nano.a(lib_a-memchr-stub.o)
                0x08006174                memchr
 .text.memmove  0x08006190       0x36 /opt/gcc-arm-none-eabi-5_4-2016q3/bin/../lib/gcc/arm-none-eabi/5.4.1/../../../../arm-none-eabi/lib/armv7-m/libc_nano.a(lib_a-memmove.o)
                0x08006190                memmove
 *fill*         0x080061c6        0x2 
 .text._free_r  0x080061c8       0x98 /opt/gcc-arm-none-eabi-5_4-2016q3/bin/../lib/gcc/arm-none-eabi/5.4.1/../../../../arm-none-eabi/lib/armv7-m/libc_nano.a(lib_a-nano-freer.o)
                0x080061c8                _free_r
 .text._malloc_r
                0x08006260       0xbc /opt/gcc-arm-none-eabi-5_4-2016q3/bin/../lib/gcc/arm-none-eabi/5.4.1/../../../../arm-none-eabi/lib/armv7-m/libc_nano.a(lib_a-nano-mallocr.o)
                0x08006260                _malloc_r
 .text._realloc_r
                0x0800631c       0x4c /opt/gcc-arm-none-eabi-5_4-2016q3/bin/../lib/gcc/arm-none-eabi/5.4.1/../../../../arm-none-eabi/lib/armv7-m/libc_nano.a(lib_a-nano-reallocr.o)
                0x0800631c                _realloc_r
 .text._sbrk_r  0x08006368       0x20 /opt/gcc-arm-none-eabi-5_4-2016q3/bin/../lib/gcc/arm-none-eabi/5.4.1/../../../../arm-none-eabi/lib/armv7-m/libc_nano.a(lib_a-sbrkr.o)
                0x08006368                _sbrk_r
 .text.__malloc_lock
                0x08006388        0x2 /opt/gcc-arm-none-eabi-5_4-2016q3/bin/../lib/gcc/arm-none-eabi/5.4.1/../../../../arm-none-eabi/lib/armv7-m/libc_nano.a(lib_a-mlock.o)
                0x08006388                __malloc_lock
 .text.__malloc_unlock
                0x0800638a        0x2 /opt/gcc-arm-none-eabi-5_4-2016q3/bin/../lib/gcc/arm-none-eabi/5.4.1/../../../../arm-none-eabi/lib/armv7-m/libc_nano.a(lib_a-mlock.o)
                0x0800638a                __malloc_unlock
 .text._malloc_usable_size_r
                0x0800638c       0x14 /opt/gcc-arm-none-eabi-5_4-2016q3/bin/../lib/gcc/arm-none-eabi/5.4.1/../../../../arm-none-eabi/lib/armv7-m/libc_nano.a(lib_a-nano-msizer.o)
                0x0800638c                _malloc_usable_size_r
 .text.round    0x080063a0       0xa0 /opt/gcc-arm-none-eabi-5_4-2016q3/bin/../lib/gcc/arm-none-eabi/5.4.1/../../../../arm-none-eabi/lib/armv7-m/libm.a(lib_a-s_round.o)
                0x080063a0                round
 .text._sbrk    0x08006440       0x1c /opt/gcc-arm-none-eabi-5_4-2016q3/bin/../lib/gcc/arm-none-eabi/5.4.1/../../../../arm-none-eabi/lib/armv7-m/libnosys.a(sbrk.o)
                0x08006440                _sbrk
 *(.glue_7)
 .glue_7        0x0800645c        0x0 linker stubs
 *(.glue_7t)
 .glue_7t       0x0800645c        0x0 linker stubs
 *(.eh_frame)
 .eh_frame      0x0800645c        0x0 /opt/gcc-arm-none-eabi-5_4-2016q3/bin/../lib/gcc/arm-none-eabi/5.4.1/armv7-m/crtbegin.o
 *(.init)
 .init          0x0800645c        0x4 /opt/gcc-arm-none-eabi-5_4-2016q3/bin/../lib/gcc/arm-none-eabi/5.4.1/armv7-m/crti.o
                0x0800645c                _init
 .init          0x08006460        0x8 /opt/gcc-arm-none-eabi-5_4-2016q3/bin/../lib/gcc/arm-none-eabi/5.4.1/armv7-m/crtn.o
 *(.fini)
 .fini          0x08006468        0x4 /opt/gcc-arm-none-eabi-5_4-2016q3/bin/../lib/gcc/arm-none-eabi/5.4.1/armv7-m/crti.o
                0x08006468                _fini
 .fini          0x0800646c        0x8 /opt/gcc-arm-none-eabi-5_4-2016q3/bin/../lib/gcc/arm-none-eabi/5.4.1/armv7-m/crtn.o
                0x08006474                . = ALIGN (0x4)
                0x08006474                _etext = .

.vfp11_veneer   0x08006474        0x0
 .vfp11_veneer  0x08006474        0x0 linker stubs

.v4_bx          0x08006474        0x0
 .v4_bx         0x08006474        0x0 linker stubs

.iplt           0x08006474        0x0
 .iplt          0x08006474        0x0 /opt/gcc-arm-none-eabi-5_4-2016q3/bin/../lib/gcc/arm-none-eabi/5.4.1/armv7-m/crtbegin.o

.rodata         0x08006474      0x2e8
                0x08006474                . = ALIGN (0x4)
 *(.rodata)
 .rodata        0x08006474       0x12 build/stm32f1xx_hal_rcc.o
 *fill*         0x08006486        0x2 
 .rodata        0x08006488       0x14 build/freertos.o
 *(.rodata*)
 .rodata.AHBPrescTable
                0x0800649c       0x10 build/system_stm32f1xx.o
                0x0800649c                AHBPrescTable
 .rodata.APBPrescTable
                0x080064ac        0x8 build/system_stm32f1xx.o
                0x080064ac                APBPrescTable
 .rodata.str1.4
                0x080064b4       0x1c build/freertos.o
 .rodata.str1.4
                0x080064d0        0x5 build/tasks.o
 *fill*         0x080064d5        0x3 
 .rodata.str1.4
                0x080064d8       0x11 build/Network_Adapter.o
 *fill*         0x080064e9        0x3 
 .rodata.str1.4
                0x080064ec      0x138 build/ESP8266.o
 .rodata.str1.4
                0x08006624       0x12 build/Ra02.o
 *fill*         0x08006636        0x2 
 .rodata.HoppingFrequencies
                0x08006638       0xcc build/sx1276-LoRa.o
                0x08006638                HoppingFrequencies
 .rodata.str1.4
                0x08006704       0x24 build/SmartPart.o
                                 0x23 (size before relaxing)
 .rodata.str1.1
                0x08006728       0x11 /opt/gcc-arm-none-eabi-5_4-2016q3/bin/../lib/gcc/arm-none-eabi/5.4.1/../../../../arm-none-eabi/lib/armv7-m/libc_nano.a(lib_a-nano-svfprintf.o)
 .rodata.str1.1
                0x08006739       0x22 /opt/gcc-arm-none-eabi-5_4-2016q3/bin/../lib/gcc/arm-none-eabi/5.4.1/../../../../arm-none-eabi/lib/armv7-m/libc_nano.a(lib_a-nano-vfprintf_i.o)
                0x0800675c                . = ALIGN (0x4)
 *fill*         0x0800675b        0x1 

.rel.dyn        0x0800675c        0x0
 .rel.iplt      0x0800675c        0x0 /opt/gcc-arm-none-eabi-5_4-2016q3/bin/../lib/gcc/arm-none-eabi/5.4.1/armv7-m/crtbegin.o

.ARM.extab
 *(.ARM.extab* .gnu.linkonce.armextab.*)

.ARM            0x0800675c        0x0
                0x0800675c                __exidx_start = .
 *(.ARM.exidx*)
                0x0800675c                __exidx_end = .

.preinit_array  0x0800675c        0x0
                0x0800675c                PROVIDE (__preinit_array_start, .)
 *(.preinit_array*)
                0x0800675c                PROVIDE (__preinit_array_end, .)

.init_array     0x0800675c        0x4
                0x0800675c                PROVIDE (__init_array_start, .)
 *(SORT(.init_array.*))
 *(.init_array*)
 .init_array    0x0800675c        0x4 /opt/gcc-arm-none-eabi-5_4-2016q3/bin/../lib/gcc/arm-none-eabi/5.4.1/armv7-m/crtbegin.o
                0x08006760                PROVIDE (__init_array_end, .)

.fini_array     0x08006760        0x4
                [!provide]                PROVIDE (__fini_array_start, .)
 *(SORT(.fini_array.*))
 *(.fini_array*)
 .fini_array    0x08006760        0x4 /opt/gcc-arm-none-eabi-5_4-2016q3/bin/../lib/gcc/arm-none-eabi/5.4.1/armv7-m/crtbegin.o
                [!provide]                PROVIDE (__fini_array_end, .)
                0x08006764                _sidata = LOADADDR (.data)

.data           0x20000000      0x118 load address 0x08006764
                0x20000000                . = ALIGN (0x4)
                0x20000000                _sdata = .
 *(.data)
 *(.data*)
 .data.uwTickPrio
                0x20000000        0x4 build/stm32f1xx_hal.o
                0x20000000                uwTickPrio
 .data.uwTickFreq
                0x20000004        0x1 build/stm32f1xx_hal.o
                0x20000004                uwTickFreq
 *fill*         0x20000005        0x3 
 .data.SystemCoreClock
                0x20000008        0x4 build/system_stm32f1xx.o
                0x20000008                SystemCoreClock
 .data.uxCriticalNesting
                0x2000000c        0x4 build/port.o
 .data.TBMatch  0x20000010       0x60 build/ESP8266.o
                0x20000010                TBMatch
 .data.antennaSwitchTxOnPrev.7215
                0x20000070        0x1 build/sx1276-LoRa.o
 *fill*         0x20000071        0x3 
 .data.LoRaSettings
                0x20000074       0x1c build/sx1276-LoRa.o
                0x20000074                LoRaSettings
 .data.RxGain   0x20000090        0x1 build/sx1276-LoRa.o
 .data.RxGain   0x20000091        0x1 build/sx1276-Fsk.o
 .data.antennaSwitchTxOnPrev.7727
                0x20000092        0x1 build/sx1276-Fsk.o
 *fill*         0x20000093        0x1 
 .data.FskSettings
                0x20000094       0x1c build/sx1276-Fsk.o
                0x20000094                FskSettings
 .data.DataChunkSize
                0x200000b0        0x1 build/sx1276-Fsk.o
 *fill*         0x200000b1        0x3 
 .data.impure_data
                0x200000b4       0x60 /opt/gcc-arm-none-eabi-5_4-2016q3/bin/../lib/gcc/arm-none-eabi/5.4.1/../../../../arm-none-eabi/lib/armv7-m/libc_nano.a(lib_a-impure.o)
 .data._impure_ptr
                0x20000114        0x4 /opt/gcc-arm-none-eabi-5_4-2016q3/bin/../lib/gcc/arm-none-eabi/5.4.1/../../../../arm-none-eabi/lib/armv7-m/libc_nano.a(lib_a-impure.o)
                0x20000114                _impure_ptr
                0x20000118                . = ALIGN (0x4)
                0x20000118                _edata = .

.jcr            0x20000118        0x0 load address 0x0800687c
 .jcr           0x20000118        0x0 /opt/gcc-arm-none-eabi-5_4-2016q3/bin/../lib/gcc/arm-none-eabi/5.4.1/armv7-m/crtbegin.o

.igot.plt       0x20000118        0x0 load address 0x0800687c
 .igot.plt      0x20000118        0x0 /opt/gcc-arm-none-eabi-5_4-2016q3/bin/../lib/gcc/arm-none-eabi/5.4.1/armv7-m/crtbegin.o
                0x20000118                . = ALIGN (0x4)

.bss            0x20000118     0x13d0 load address 0x0800687c
                0x20000118                _sbss = .
                0x20000118                __bss_start__ = _sbss
 *(.bss)
 .bss           0x20000118       0x1c /opt/gcc-arm-none-eabi-5_4-2016q3/bin/../lib/gcc/arm-none-eabi/5.4.1/armv7-m/crtbegin.o
 *(.bss*)
 .bss.xNumOfOverflows
                0x20000134        0x4 build/tasks.o
 .bss.pxDelayedTaskList
                0x20000138        0x4 build/tasks.o
 .bss.xSchedulerRunning
                0x2000013c        0x4 build/tasks.o
 .bss.xTasksWaitingTermination
                0x20000140       0x14 build/tasks.o
 .bss.pxOverflowDelayedTaskList
                0x20000154        0x4 build/tasks.o
 .bss.uxPendedTicks
                0x20000158        0x4 build/tasks.o
 .bss.pxReadyTasksLists
                0x2000015c       0x8c build/tasks.o
 .bss.uxSchedulerSuspended
                0x200001e8        0x4 build/tasks.o
 .bss.uxDeletedTasksWaitingCleanUp
                0x200001ec        0x4 build/tasks.o
 .bss.uxCurrentNumberOfTasks
                0x200001f0        0x4 build/tasks.o
 .bss.pxCurrentTCB
                0x200001f4        0x4 build/tasks.o
                0x200001f4                pxCurrentTCB
 .bss.xPendingReadyList
                0x200001f8       0x14 build/tasks.o
 .bss.xIdleTaskHandle
                0x2000020c        0x4 build/tasks.o
 .bss.xTickCount
                0x20000210        0x4 build/tasks.o
 .bss.xNextTaskUnblockTime
                0x20000214        0x4 build/tasks.o
 .bss.uxTaskNumber
                0x20000218        0x4 build/tasks.o
 .bss.xDelayedTaskList1
                0x2000021c       0x14 build/tasks.o
 .bss.xDelayedTaskList2
                0x20000230       0x14 build/tasks.o
 .bss.xSuspendedTaskList
                0x20000244       0x14 build/tasks.o
 .bss.uxTopReadyPriority
                0x20000258        0x4 build/tasks.o
 .bss.xYieldPending
                0x2000025c        0x4 build/tasks.o
 .bss.xFreeBytesRemaining
                0x20000260        0x4 build/heap_4.o
 .bss.pxEnd     0x20000264        0x4 build/heap_4.o
 .bss.xStart    0x20000268        0x8 build/heap_4.o
 .bss.ucHeap    0x20000270      0xc00 build/heap_4.o
 .bss.xBlockAllocatedBit
                0x20000e70        0x4 build/heap_4.o
 .bss.xMinimumEverFreeBytesRemaining
                0x20000e74        0x4 build/heap_4.o
 .bss.ucMaxSysCallPriority
                0x20000e78        0x1 build/port.o
 *fill*         0x20000e79        0x3 
 .bss.ulMaxPRIGROUPValue
                0x20000e7c        0x4 build/port.o
 .bss.Network_Status
                0x20000e80        0x1 build/Network_Adapter.o
 *fill*         0x20000e81        0x3 
 .bss.__Adapter
                0x20000e84       0x20 build/Network_Adapter.o
 .bss.__ESP8266
                0x20000ea4       0x40 build/ESP8266.o
 .bss.xSemaphore
                0x20000ee4        0x4 build/ESP8266.o
                0x20000ee4                xSemaphore
 .bss.mradio    0x20000ee8        0x4 build/Ra02.o
                0x20000ee8                mradio
 .bss.wr_lock   0x20000eec        0x4 build/Ra02.o
 .bss.Qset      0x20000ef0        0x4 build/Ra02.o
 .bss.LoRaOn    0x20000ef4        0x1 build/sx1276.o
 .bss.LoRaOnState
                0x20000ef5        0x1 build/sx1276.o
 *fill*         0x20000ef6        0x2 
 .bss.RFBuffer  0x20000ef8      0x100 build/sx1276-LoRa.o
 .bss.PacketTimeout
                0x20000ff8        0x4 build/sx1276-LoRa.o
 .bss.RxPacketSnrEstimate
                0x20000ffc        0x1 build/sx1276-LoRa.o
 *fill*         0x20000ffd        0x1 
 .bss.RxPacketSize
                0x20000ffe        0x2 build/sx1276-LoRa.o
 .bss.TxPacketSize
                0x20001000        0x2 build/sx1276-LoRa.o
 .bss.RFLRState
                0x20001002        0x1 build/sx1276-LoRa.o
 *fill*         0x20001003        0x1 
 .bss.RxTimeoutTimer
                0x20001004        0x4 build/sx1276-LoRa.o
 .bss.RxPacketRssiValue
                0x20001008        0x8 build/sx1276-LoRa.o
 .bss.RFBuffer  0x20001010      0x100 build/sx1276-Fsk.o
 .bss.PacketTimeout
                0x20001110        0x4 build/sx1276-Fsk.o
 .bss.Preamble2SyncTimer
                0x20001114        0x4 build/sx1276-Fsk.o
 .bss.RxPacketAfcValue
                0x20001118        0x4 build/sx1276-Fsk.o
 .bss.RxPacketSize
                0x2000111c        0x2 build/sx1276-Fsk.o
 .bss.TxBytesSent
                0x2000111e        0x1 build/sx1276-Fsk.o
 *fill*         0x2000111f        0x1 
 .bss.TxTimeoutTimer
                0x20001120        0x4 build/sx1276-Fsk.o
 .bss.Preamble2SyncTimeout
                0x20001124        0x4 build/sx1276-Fsk.o
 .bss.TxPacketSize
                0x20001128        0x2 build/sx1276-Fsk.o
 *fill*         0x2000112a        0x6 
 .bss.RxPacketRssiValue
                0x20001130        0x8 build/sx1276-Fsk.o
 .bss.PreambleDetected
                0x20001138        0x1 build/sx1276-Fsk.o
 .bss.RFState   0x20001139        0x1 build/sx1276-Fsk.o
 .bss.RxBytesRead
                0x2000113a        0x1 build/sx1276-Fsk.o
 .bss.PacketDetected
                0x2000113b        0x1 build/sx1276-Fsk.o
 .bss.RxTimeoutTimer
                0x2000113c        0x4 build/sx1276-Fsk.o
 .bss.SyncWordDetected
                0x20001140        0x1 build/sx1276-Fsk.o
 *fill*         0x20001141        0x3 
 .bss.Adapter   0x20001144        0x4 build/SmartPart.o
                0x20001144                Adapter
 .bss.__malloc_sbrk_start
                0x20001148        0x4 /opt/gcc-arm-none-eabi-5_4-2016q3/bin/../lib/gcc/arm-none-eabi/5.4.1/../../../../arm-none-eabi/lib/armv7-m/libc_nano.a(lib_a-nano-mallocr.o)
                0x20001148                __malloc_sbrk_start
 .bss.__malloc_free_list
                0x2000114c        0x4 /opt/gcc-arm-none-eabi-5_4-2016q3/bin/../lib/gcc/arm-none-eabi/5.4.1/../../../../arm-none-eabi/lib/armv7-m/libc_nano.a(lib_a-nano-mallocr.o)
                0x2000114c                __malloc_free_list
 .bss.heap_end.4167
                0x20001150        0x4 /opt/gcc-arm-none-eabi-5_4-2016q3/bin/../lib/gcc/arm-none-eabi/5.4.1/../../../../arm-none-eabi/lib/armv7-m/libnosys.a(sbrk.o)
 *(COMMON)
 COMMON         0x20001154       0x84 build/usart.o
                0x20001154                hdma_usart1_rx
                0x20001198                huart1
 COMMON         0x200011d8        0x4 build/stm32f1xx_hal.o
                0x200011d8                uwTick
 COMMON         0x200011dc        0x4 build/freertos.o
                0x200011dc                defaultTaskHandle
 COMMON         0x200011e0       0x58 build/spi.o
                0x200011e0                hspi1
 COMMON         0x20001238      0x15c build/ESP8266.o
                0x20001238                ESP8266_Serial
                0x200012c0                ACK_Cache
                0x20001300                Temp
                0x20001380                Listened_TaskHandle
                0x20001384                Qset
                0x20001388                ACK_len
                0x2000138c                __Qset_Item
 COMMON         0x20001394       0x18 build/radio.o
                0x20001394                RadioDriver
 COMMON         0x200013ac       0x70 build/sx1276.o
                0x200013ac                SX1276Regs
 COMMON         0x2000141c        0x4 build/sx1276-LoRa.o
                0x2000141c                SX1276LR
 COMMON         0x20001420        0x4 build/sx1276-Fsk.o
                0x20001420                SX1276
 COMMON         0x20001424       0xc0 build/SmartPart.o
                0x20001424                Lora_Buff
                0x20001464                Buff
 COMMON         0x200014e4        0x4 /opt/gcc-arm-none-eabi-5_4-2016q3/bin/../lib/gcc/arm-none-eabi/5.4.1/../../../../arm-none-eabi/lib/armv7-m/libc_nano.a(lib_a-reent.o)
                0x200014e4                errno
                0x200014e8                . = ALIGN (0x4)
                0x200014e8                _ebss = .
                0x200014e8                __bss_end__ = _ebss

._user_heap_stack
                0x200014e8      0x600 load address 0x0800687c
                0x200014e8                . = ALIGN (0x8)
                0x200014e8                PROVIDE (end, .)
                [!provide]                PROVIDE (_end, .)
                0x200016e8                . = (. + _Min_Heap_Size)
 *fill*         0x200014e8      0x200 
                0x20001ae8                . = (. + _Min_Stack_Size)
 *fill*         0x200016e8      0x400 
                0x20001ae8                . = ALIGN (0x8)

/DISCARD/
 libc.a(*)
 libm.a(*)
 libgcc.a(*)

.ARM.attributes
                0x00000000       0x29
 *(.ARM.attributes)
 .ARM.attributes
                0x00000000       0x1d /opt/gcc-arm-none-eabi-5_4-2016q3/bin/../lib/gcc/arm-none-eabi/5.4.1/armv7-m/crti.o
 .ARM.attributes
                0x0000001d       0x2d /opt/gcc-arm-none-eabi-5_4-2016q3/bin/../lib/gcc/arm-none-eabi/5.4.1/armv7-m/crtbegin.o
 .ARM.attributes
                0x0000004a       0x33 build/main.o
 .ARM.attributes
                0x0000007d       0x33 build/gpio.o
 .ARM.attributes
                0x000000b0       0x33 build/usart.o
 .ARM.attributes
                0x000000e3       0x33 build/stm32f1xx_it.o
 .ARM.attributes
                0x00000116       0x33 build/stm32f1xx_hal_msp.o
 .ARM.attributes
                0x00000149       0x33 build/stm32f1xx_hal_uart.o
 .ARM.attributes
                0x0000017c       0x33 build/stm32f1xx_hal.o
 .ARM.attributes
                0x000001af       0x33 build/stm32f1xx_hal_rcc.o
 .ARM.attributes
                0x000001e2       0x33 build/stm32f1xx_hal_gpio.o
 .ARM.attributes
                0x00000215       0x33 build/stm32f1xx_hal_dma.o
 .ARM.attributes
                0x00000248       0x33 build/stm32f1xx_hal_cortex.o
 .ARM.attributes
                0x0000027b       0x33 build/system_stm32f1xx.o
 .ARM.attributes
                0x000002ae       0x33 build/dma.o
 .ARM.attributes
                0x000002e1       0x33 build/freertos.o
 .ARM.attributes
                0x00000314       0x33 build/list.o
 .ARM.attributes
                0x00000347       0x33 build/queue.o
 .ARM.attributes
                0x0000037a       0x33 build/tasks.o
 .ARM.attributes
                0x000003ad       0x33 build/cmsis_os.o
 .ARM.attributes
                0x000003e0       0x33 build/heap_4.o
 .ARM.attributes
                0x00000413       0x33 build/port.o
 .ARM.attributes
                0x00000446       0x33 build/spi.o
 .ARM.attributes
                0x00000479       0x33 build/stm32f1xx_hal_spi.o
 .ARM.attributes
                0x000004ac       0x33 build/stm32f1xx_hal_spi_ex.o
 .ARM.attributes
                0x000004df       0x33 build/Network_Adapter.o
 .ARM.attributes
                0x00000512       0x33 build/ESP8266.o
 .ARM.attributes
                0x00000545       0x33 build/Serial.o
 .ARM.attributes
                0x00000578       0x33 build/Ra02.o
 .ARM.attributes
                0x000005ab       0x33 build/sx1276-Hal.o
 .ARM.attributes
                0x000005de       0x33 build/radio.o
 .ARM.attributes
                0x00000611       0x33 build/sx1276.o
 .ARM.attributes
                0x00000644       0x33 build/sx1276-LoRa.o
 .ARM.attributes
                0x00000677       0x33 build/sx1276-LoRaMisc.o
 .ARM.attributes
                0x000006aa       0x33 build/sx1276-Fsk.o
 .ARM.attributes
                0x000006dd       0x33 build/SmartPart.o
 .ARM.attributes
                0x00000710       0x21 build/startup_stm32f103xb.o
 .ARM.attributes
                0x00000731       0x2d /opt/gcc-arm-none-eabi-5_4-2016q3/bin/../lib/gcc/arm-none-eabi/5.4.1/../../../../arm-none-eabi/lib/armv7-m/libc_nano.a(lib_a-impure.o)
 .ARM.attributes
                0x0000075e       0x2d /opt/gcc-arm-none-eabi-5_4-2016q3/bin/../lib/gcc/arm-none-eabi/5.4.1/../../../../arm-none-eabi/lib/armv7-m/libc_nano.a(lib_a-init.o)
 .ARM.attributes
                0x0000078b       0x2d /opt/gcc-arm-none-eabi-5_4-2016q3/bin/../lib/gcc/arm-none-eabi/5.4.1/../../../../arm-none-eabi/lib/armv7-m/libc_nano.a(lib_a-memcpy-stub.o)
 .ARM.attributes
                0x000007b8       0x2d /opt/gcc-arm-none-eabi-5_4-2016q3/bin/../lib/gcc/arm-none-eabi/5.4.1/../../../../arm-none-eabi/lib/armv7-m/libc_nano.a(lib_a-memset.o)
 .ARM.attributes
                0x000007e5       0x2d /opt/gcc-arm-none-eabi-5_4-2016q3/bin/../lib/gcc/arm-none-eabi/5.4.1/../../../../arm-none-eabi/lib/armv7-m/libc_nano.a(lib_a-sprintf.o)
 .ARM.attributes
                0x00000812       0x2d /opt/gcc-arm-none-eabi-5_4-2016q3/bin/../lib/gcc/arm-none-eabi/5.4.1/../../../../arm-none-eabi/lib/armv7-m/libc_nano.a(lib_a-strchr.o)
 .ARM.attributes
                0x0000083f       0x17 /opt/gcc-arm-none-eabi-5_4-2016q3/bin/../lib/gcc/arm-none-eabi/5.4.1/../../../../arm-none-eabi/lib/armv7-m/libc_nano.a(lib_a-strlen.o)
 .ARM.attributes
                0x00000856       0x2d /opt/gcc-arm-none-eabi-5_4-2016q3/bin/../lib/gcc/arm-none-eabi/5.4.1/../../../../arm-none-eabi/lib/armv7-m/libc_nano.a(lib_a-strstr.o)
 .ARM.attributes
                0x00000883       0x2d /opt/gcc-arm-none-eabi-5_4-2016q3/bin/../lib/gcc/arm-none-eabi/5.4.1/../../../../arm-none-eabi/lib/armv7-m/libc_nano.a(lib_a-nano-svfprintf.o)
 .ARM.attributes
                0x000008b0       0x2d /opt/gcc-arm-none-eabi-5_4-2016q3/bin/../lib/gcc/arm-none-eabi/5.4.1/../../../../arm-none-eabi/lib/armv7-m/libc_nano.a(lib_a-nano-vfprintf_i.o)
 .ARM.attributes
                0x000008dd       0x2d /opt/gcc-arm-none-eabi-5_4-2016q3/bin/../lib/gcc/arm-none-eabi/5.4.1/../../../../arm-none-eabi/lib/armv7-m/libc_nano.a(lib_a-memchr-stub.o)
 .ARM.attributes
                0x0000090a       0x2d /opt/gcc-arm-none-eabi-5_4-2016q3/bin/../lib/gcc/arm-none-eabi/5.4.1/../../../../arm-none-eabi/lib/armv7-m/libc_nano.a(lib_a-memmove.o)
 .ARM.attributes
                0x00000937       0x2d /opt/gcc-arm-none-eabi-5_4-2016q3/bin/../lib/gcc/arm-none-eabi/5.4.1/../../../../arm-none-eabi/lib/armv7-m/libc_nano.a(lib_a-nano-freer.o)
 .ARM.attributes
                0x00000964       0x2d /opt/gcc-arm-none-eabi-5_4-2016q3/bin/../lib/gcc/arm-none-eabi/5.4.1/../../../../arm-none-eabi/lib/armv7-m/libc_nano.a(lib_a-nano-mallocr.o)
 .ARM.attributes
                0x00000991       0x2d /opt/gcc-arm-none-eabi-5_4-2016q3/bin/../lib/gcc/arm-none-eabi/5.4.1/../../../../arm-none-eabi/lib/armv7-m/libc_nano.a(lib_a-nano-reallocr.o)
 .ARM.attributes
                0x000009be       0x2d /opt/gcc-arm-none-eabi-5_4-2016q3/bin/../lib/gcc/arm-none-eabi/5.4.1/../../../../arm-none-eabi/lib/armv7-m/libc_nano.a(lib_a-sbrkr.o)
 .ARM.attributes
                0x000009eb       0x2d /opt/gcc-arm-none-eabi-5_4-2016q3/bin/../lib/gcc/arm-none-eabi/5.4.1/../../../../arm-none-eabi/lib/armv7-m/libc_nano.a(lib_a-mlock.o)
 .ARM.attributes
                0x00000a18       0x2d /opt/gcc-arm-none-eabi-5_4-2016q3/bin/../lib/gcc/arm-none-eabi/5.4.1/../../../../arm-none-eabi/lib/armv7-m/libc_nano.a(lib_a-nano-msizer.o)
 .ARM.attributes
                0x00000a45       0x2d /opt/gcc-arm-none-eabi-5_4-2016q3/bin/../lib/gcc/arm-none-eabi/5.4.1/../../../../arm-none-eabi/lib/armv7-m/libc_nano.a(lib_a-reent.o)
 .ARM.attributes
                0x00000a72       0x2d /opt/gcc-arm-none-eabi-5_4-2016q3/bin/../lib/gcc/arm-none-eabi/5.4.1/../../../../arm-none-eabi/lib/armv7-m/libm.a(lib_a-s_round.o)
 .ARM.attributes
                0x00000a9f       0x2d /opt/gcc-arm-none-eabi-5_4-2016q3/bin/../lib/gcc/arm-none-eabi/5.4.1/../../../../arm-none-eabi/lib/armv7-m/libnosys.a(sbrk.o)
 .ARM.attributes
                0x00000acc       0x1d /opt/gcc-arm-none-eabi-5_4-2016q3/bin/../lib/gcc/arm-none-eabi/5.4.1/armv7-m/libgcc.a(_arm_addsubdf3.o)
 .ARM.attributes
                0x00000ae9       0x1d /opt/gcc-arm-none-eabi-5_4-2016q3/bin/../lib/gcc/arm-none-eabi/5.4.1/armv7-m/libgcc.a(_arm_muldivdf3.o)
 .ARM.attributes
                0x00000b06       0x1d /opt/gcc-arm-none-eabi-5_4-2016q3/bin/../lib/gcc/arm-none-eabi/5.4.1/armv7-m/libgcc.a(_arm_fixdfsi.o)
 .ARM.attributes
                0x00000b23       0x1d /opt/gcc-arm-none-eabi-5_4-2016q3/bin/../lib/gcc/arm-none-eabi/5.4.1/armv7-m/libgcc.a(_arm_fixunsdfsi.o)
 .ARM.attributes
                0x00000b40       0x1d /opt/gcc-arm-none-eabi-5_4-2016q3/bin/../lib/gcc/arm-none-eabi/5.4.1/armv7-m/crtn.o
OUTPUT(build/SmartPort_Master.elf elf32-littlearm)

.debug_info     0x00000000    0x18024
 .debug_info    0x00000000      0x3a5 build/main.o
 .debug_info    0x000003a5      0x3b0 build/gpio.o
 .debug_info    0x00000755      0xa6e build/usart.o
 .debug_info    0x000011c3      0x737 build/stm32f1xx_it.o
 .debug_info    0x000018fa      0x3c5 build/stm32f1xx_hal_msp.o
 .debug_info    0x00001cbf     0x1779 build/stm32f1xx_hal_uart.o
 .debug_info    0x00003438      0x7d4 build/stm32f1xx_hal.o
 .debug_info    0x00003c0c      0xa90 build/stm32f1xx_hal_rcc.o
 .debug_info    0x0000469c      0x66e build/stm32f1xx_hal_gpio.o
 .debug_info    0x00004d0a      0x835 build/stm32f1xx_hal_dma.o
 .debug_info    0x0000553f      0xcd0 build/stm32f1xx_hal_cortex.o
 .debug_info    0x0000620f      0x437 build/system_stm32f1xx.o
 .debug_info    0x00006646      0x338 build/dma.o
 .debug_info    0x0000697e      0x29c build/freertos.o
 .debug_info    0x00006c1a      0x2d0 build/list.o
 .debug_info    0x00006eea     0x1835 build/queue.o
 .debug_info    0x0000871f     0x224f build/tasks.o
 .debug_info    0x0000a96e     0x1c86 build/cmsis_os.o
 .debug_info    0x0000c5f4      0x46f build/heap_4.o
 .debug_info    0x0000ca63      0x506 build/port.o
 .debug_info    0x0000cf69      0x95a build/spi.o
 .debug_info    0x0000d8c3     0x1a9d build/stm32f1xx_hal_spi.o
 .debug_info    0x0000f360      0x647 build/stm32f1xx_hal_spi_ex.o
 .debug_info    0x0000f9a7      0xe75 build/Network_Adapter.o
 .debug_info    0x0001081c     0x15d5 build/ESP8266.o
 .debug_info    0x00011df1      0x7ea build/Serial.o
 .debug_info    0x000125db      0x648 build/Ra02.o
 .debug_info    0x00012c23      0x5d4 build/sx1276-Hal.o
 .debug_info    0x000131f7      0x1c8 build/radio.o
 .debug_info    0x000133bf     0x12a3 build/sx1276.o
 .debug_info    0x00014662     0x1297 build/sx1276-LoRa.o
 .debug_info    0x000158f9      0xfc1 build/sx1276-LoRaMisc.o
 .debug_info    0x000168ba     0x1256 build/sx1276-Fsk.o
 .debug_info    0x00017b10      0x4a9 build/SmartPart.o
 .debug_info    0x00017fb9       0x6b build/startup_stm32f103xb.o

.debug_abbrev   0x00000000     0x43e5
 .debug_abbrev  0x00000000      0x171 build/main.o
 .debug_abbrev  0x00000171      0x136 build/gpio.o
 .debug_abbrev  0x000002a7      0x1ab build/usart.o
 .debug_abbrev  0x00000452      0x18b build/stm32f1xx_it.o
 .debug_abbrev  0x000005dd      0x119 build/stm32f1xx_hal_msp.o
 .debug_abbrev  0x000006f6      0x281 build/stm32f1xx_hal_uart.o
 .debug_abbrev  0x00000977      0x20f build/stm32f1xx_hal.o
 .debug_abbrev  0x00000b86      0x28e build/stm32f1xx_hal_rcc.o
 .debug_abbrev  0x00000e14      0x202 build/stm32f1xx_hal_gpio.o
 .debug_abbrev  0x00001016      0x21d build/stm32f1xx_hal_dma.o
 .debug_abbrev  0x00001233      0x2ee build/stm32f1xx_hal_cortex.o
 .debug_abbrev  0x00001521      0x124 build/system_stm32f1xx.o
 .debug_abbrev  0x00001645      0x114 build/dma.o
 .debug_abbrev  0x00001759      0x165 build/freertos.o
 .debug_abbrev  0x000018be       0xf8 build/list.o
 .debug_abbrev  0x000019b6      0x2cf build/queue.o
 .debug_abbrev  0x00001c85      0x358 build/tasks.o
 .debug_abbrev  0x00001fdd      0x31b build/cmsis_os.o
 .debug_abbrev  0x000022f8      0x216 build/heap_4.o
 .debug_abbrev  0x0000250e      0x26e build/port.o
 .debug_abbrev  0x0000277c      0x1be build/spi.o
 .debug_abbrev  0x0000293a      0x27a build/stm32f1xx_hal_spi.o
 .debug_abbrev  0x00002bb4      0x14f build/stm32f1xx_hal_spi_ex.o
 .debug_abbrev  0x00002d03      0x254 build/Network_Adapter.o
 .debug_abbrev  0x00002f57      0x327 build/ESP8266.o
 .debug_abbrev  0x0000327e      0x1ca build/Serial.o
 .debug_abbrev  0x00003448      0x1df build/Ra02.o
 .debug_abbrev  0x00003627      0x1ec build/sx1276-Hal.o
 .debug_abbrev  0x00003813       0xcf build/radio.o
 .debug_abbrev  0x000038e2      0x1d2 build/sx1276.o
 .debug_abbrev  0x00003ab4      0x284 build/sx1276-LoRa.o
 .debug_abbrev  0x00003d38      0x251 build/sx1276-LoRaMisc.o
 .debug_abbrev  0x00003f89      0x2aa build/sx1276-Fsk.o
 .debug_abbrev  0x00004233      0x1a0 build/SmartPart.o
 .debug_abbrev  0x000043d3       0x12 build/startup_stm32f103xb.o

.debug_loc      0x00000000     0xbcec
 .debug_loc     0x00000000       0x59 build/main.o
 .debug_loc     0x00000059       0x38 build/gpio.o
 .debug_loc     0x00000091       0xd9 build/usart.o
 .debug_loc     0x0000016a       0x60 build/stm32f1xx_it.o
 .debug_loc     0x000001ca       0x38 build/stm32f1xx_hal_msp.o
 .debug_loc     0x00000202     0x17b0 build/stm32f1xx_hal_uart.o
 .debug_loc     0x000019b2      0x1a8 build/stm32f1xx_hal.o
 .debug_loc     0x00001b5a      0x6e5 build/stm32f1xx_hal_rcc.o
 .debug_loc     0x0000223f      0x41b build/stm32f1xx_hal_gpio.o
 .debug_loc     0x0000265a      0x7f4 build/stm32f1xx_hal_dma.o
 .debug_loc     0x00002e4e      0x59f build/stm32f1xx_hal_cortex.o
 .debug_loc     0x000033ed       0xdf build/system_stm32f1xx.o
 .debug_loc     0x000034cc       0x38 build/dma.o
 .debug_loc     0x00003504       0x79 build/freertos.o
 .debug_loc     0x0000357d       0x91 build/list.o
 .debug_loc     0x0000360e     0x1093 build/queue.o
 .debug_loc     0x000046a1     0x16d3 build/tasks.o
 .debug_loc     0x00005d74     0x15f0 build/cmsis_os.o
 .debug_loc     0x00007364      0x32f build/heap_4.o
 .debug_loc     0x00007693      0x11a build/port.o
 .debug_loc     0x000077ad      0x129 build/spi.o
 .debug_loc     0x000078d6     0x1dfd build/stm32f1xx_hal_spi.o
 .debug_loc     0x000096d3       0x63 build/stm32f1xx_hal_spi_ex.o
 .debug_loc     0x00009736      0x3ea build/Network_Adapter.o
 .debug_loc     0x00009b20      0x7db build/ESP8266.o
 .debug_loc     0x0000a2fb      0x15e build/Serial.o
 .debug_loc     0x0000a459      0x289 build/Ra02.o
 .debug_loc     0x0000a6e2      0x390 build/sx1276-Hal.o
 .debug_loc     0x0000aa72      0x3eb build/sx1276.o
 .debug_loc     0x0000ae5d      0x2f8 build/sx1276-LoRa.o
 .debug_loc     0x0000b155      0x66d build/sx1276-LoRaMisc.o
 .debug_loc     0x0000b7c2      0x408 build/sx1276-Fsk.o
 .debug_loc     0x0000bbca      0x122 build/SmartPart.o

.debug_aranges  0x00000000     0x1350
 .debug_aranges
                0x00000000       0x30 build/main.o
 .debug_aranges
                0x00000030       0x20 build/gpio.o
 .debug_aranges
                0x00000050       0x30 build/usart.o
 .debug_aranges
                0x00000080       0x60 build/stm32f1xx_it.o
 .debug_aranges
                0x000000e0       0x20 build/stm32f1xx_hal_msp.o
 .debug_aranges
                0x00000100      0x1d0 build/stm32f1xx_hal_uart.o
 .debug_aranges
                0x000002d0       0xd0 build/stm32f1xx_hal.o
 .debug_aranges
                0x000003a0       0x90 build/stm32f1xx_hal_rcc.o
 .debug_aranges
                0x00000430       0x58 build/stm32f1xx_hal_gpio.o
 .debug_aranges
                0x00000488       0x80 build/stm32f1xx_hal_dma.o
 .debug_aranges
                0x00000508       0x90 build/stm32f1xx_hal_cortex.o
 .debug_aranges
                0x00000598       0x28 build/system_stm32f1xx.o
 .debug_aranges
                0x000005c0       0x20 build/dma.o
 .debug_aranges
                0x000005e0       0x28 build/freertos.o
 .debug_aranges
                0x00000608       0x40 build/list.o
 .debug_aranges
                0x00000648       0xe0 build/queue.o
 .debug_aranges
                0x00000728      0x190 build/tasks.o
 .debug_aranges
                0x000008b8      0x1d8 build/cmsis_os.o
 .debug_aranges
                0x00000a90       0x50 build/heap_4.o
 .debug_aranges
                0x00000ae0       0x78 build/port.o
 .debug_aranges
                0x00000b58       0x38 build/spi.o
 .debug_aranges
                0x00000b90      0x1d0 build/stm32f1xx_hal_spi.o
 .debug_aranges
                0x00000d60       0x20 build/stm32f1xx_hal_spi_ex.o
 .debug_aranges
                0x00000d80       0x60 build/Network_Adapter.o
 .debug_aranges
                0x00000de0       0x88 build/ESP8266.o
 .debug_aranges
                0x00000e68       0x58 build/Serial.o
 .debug_aranges
                0x00000ec0       0x40 build/Ra02.o
 .debug_aranges
                0x00000f00       0x90 build/sx1276-Hal.o
 .debug_aranges
                0x00000f90       0x20 build/radio.o
 .debug_aranges
                0x00000fb0       0xa8 build/sx1276.o
 .debug_aranges
                0x00001058       0x98 build/sx1276-LoRa.o
 .debug_aranges
                0x000010f0      0x158 build/sx1276-LoRaMisc.o
 .debug_aranges
                0x00001248       0xb0 build/sx1276-Fsk.o
 .debug_aranges
                0x000012f8       0x30 build/SmartPart.o
 .debug_aranges
                0x00001328       0x28 build/startup_stm32f103xb.o

.debug_ranges   0x00000000     0x11c0
 .debug_ranges  0x00000000       0x20 build/main.o
 .debug_ranges  0x00000020       0x10 build/gpio.o
 .debug_ranges  0x00000030       0x20 build/usart.o
 .debug_ranges  0x00000050       0x50 build/stm32f1xx_it.o
 .debug_ranges  0x000000a0       0x10 build/stm32f1xx_hal_msp.o
 .debug_ranges  0x000000b0      0x1c0 build/stm32f1xx_hal_uart.o
 .debug_ranges  0x00000270       0xc0 build/stm32f1xx_hal.o
 .debug_ranges  0x00000330       0x98 build/stm32f1xx_hal_rcc.o
 .debug_ranges  0x000003c8       0x48 build/stm32f1xx_hal_gpio.o
 .debug_ranges  0x00000410       0x70 build/stm32f1xx_hal_dma.o
 .debug_ranges  0x00000480       0x80 build/stm32f1xx_hal_cortex.o
 .debug_ranges  0x00000500       0x18 build/system_stm32f1xx.o
 .debug_ranges  0x00000518       0x10 build/dma.o
 .debug_ranges  0x00000528       0x18 build/freertos.o
 .debug_ranges  0x00000540       0x30 build/list.o
 .debug_ranges  0x00000570      0x118 build/queue.o
 .debug_ranges  0x00000688      0x1b8 build/tasks.o
 .debug_ranges  0x00000840      0x1c8 build/cmsis_os.o
 .debug_ranges  0x00000a08       0x40 build/heap_4.o
 .debug_ranges  0x00000a48       0x68 build/port.o
 .debug_ranges  0x00000ab0       0x28 build/spi.o
 .debug_ranges  0x00000ad8      0x1c0 build/stm32f1xx_hal_spi.o
 .debug_ranges  0x00000c98       0x10 build/stm32f1xx_hal_spi_ex.o
 .debug_ranges  0x00000ca8       0x50 build/Network_Adapter.o
 .debug_ranges  0x00000cf8       0x78 build/ESP8266.o
 .debug_ranges  0x00000d70       0x48 build/Serial.o
 .debug_ranges  0x00000db8       0x30 build/Ra02.o
 .debug_ranges  0x00000de8       0x80 build/sx1276-Hal.o
 .debug_ranges  0x00000e68       0x10 build/radio.o
 .debug_ranges  0x00000e78       0x98 build/sx1276.o
 .debug_ranges  0x00000f10       0x88 build/sx1276-LoRa.o
 .debug_ranges  0x00000f98      0x148 build/sx1276-LoRaMisc.o
 .debug_ranges  0x000010e0       0xa0 build/sx1276-Fsk.o
 .debug_ranges  0x00001180       0x20 build/SmartPart.o
 .debug_ranges  0x000011a0       0x20 build/startup_stm32f103xb.o

.debug_line     0x00000000     0x7e53
 .debug_line    0x00000000      0x25d build/main.o
 .debug_line    0x0000025d      0x185 build/gpio.o
 .debug_line    0x000003e2      0x227 build/usart.o
 .debug_line    0x00000609      0x290 build/stm32f1xx_it.o
 .debug_line    0x00000899      0x184 build/stm32f1xx_hal_msp.o
 .debug_line    0x00000a1d      0xa74 build/stm32f1xx_hal_uart.o
 .debug_line    0x00001491      0x379 build/stm32f1xx_hal.o
 .debug_line    0x0000180a      0x4fc build/stm32f1xx_hal_rcc.o
 .debug_line    0x00001d06      0x336 build/stm32f1xx_hal_gpio.o
 .debug_line    0x0000203c      0x519 build/stm32f1xx_hal_dma.o
 .debug_line    0x00002555      0x2fc build/stm32f1xx_hal_cortex.o
 .debug_line    0x00002851      0x184 build/system_stm32f1xx.o
 .debug_line    0x000029d5      0x174 build/dma.o
 .debug_line    0x00002b49      0x196 build/freertos.o
 .debug_line    0x00002cdf      0x1ef build/list.o
 .debug_line    0x00002ece      0x742 build/queue.o
 .debug_line    0x00003610      0xa6a build/tasks.o
 .debug_line    0x0000407a      0x7ed build/cmsis_os.o
 .debug_line    0x00004867      0x2f0 build/heap_4.o
 .debug_line    0x00004b57      0x2b7 build/port.o
 .debug_line    0x00004e0e      0x221 build/spi.o
 .debug_line    0x0000502f      0xb68 build/stm32f1xx_hal_spi.o
 .debug_line    0x00005b97      0x1e1 build/stm32f1xx_hal_spi_ex.o
 .debug_line    0x00005d78      0x2db build/Network_Adapter.o
 .debug_line    0x00006053      0x457 build/ESP8266.o
 .debug_line    0x000064aa      0x22c build/Serial.o
 .debug_line    0x000066d6      0x257 build/Ra02.o
 .debug_line    0x0000692d      0x2ad build/sx1276-Hal.o
 .debug_line    0x00006bda      0x112 build/radio.o
 .debug_line    0x00006cec      0x2d4 build/sx1276.o
 .debug_line    0x00006fc0      0x3d8 build/sx1276-LoRa.o
 .debug_line    0x00007398      0x430 build/sx1276-LoRaMisc.o
 .debug_line    0x000077c8      0x495 build/sx1276-Fsk.o
 .debug_line    0x00007c5d      0x184 build/SmartPart.o
 .debug_line    0x00007de1       0x72 build/startup_stm32f103xb.o

.debug_str      0x00000000     0x5d05
 .debug_str     0x00000000      0x35a build/main.o
                                0x3a4 (size before relaxing)
 .debug_str     0x0000035a       0xd6 build/gpio.o
                                0x28e (size before relaxing)
 .debug_str     0x00000430      0x6e8 build/usart.o
                                0x9ab (size before relaxing)
 .debug_str     0x00000b18      0x157 build/stm32f1xx_it.o
                                0x6b6 (size before relaxing)
 .debug_str     0x00000c6f       0x52 build/stm32f1xx_hal_msp.o
                                0x51a (size before relaxing)
 .debug_str     0x00000cc1      0x58a build/stm32f1xx_hal_uart.o
                                0xb76 (size before relaxing)
 .debug_str     0x0000124b      0x2ca build/stm32f1xx_hal.o
                                0x811 (size before relaxing)
 .debug_str     0x00001515      0x1d3 build/stm32f1xx_hal_rcc.o
                                0x631 (size before relaxing)
 .debug_str     0x000016e8      0x11e build/stm32f1xx_hal_gpio.o
                                0x41c (size before relaxing)
 .debug_str     0x00001806      0x1d8 build/stm32f1xx_hal_dma.o
                                0x613 (size before relaxing)
 .debug_str     0x000019de      0x29e build/stm32f1xx_hal_cortex.o
                                0x8c1 (size before relaxing)
 .debug_str     0x00001c7c       0x34 build/system_stm32f1xx.o
                                0x2c3 (size before relaxing)
 .debug_str     0x00001cb0        0xa build/dma.o
                                0x4f1 (size before relaxing)
 .debug_str     0x00001cba      0x166 build/freertos.o
                                0x322 (size before relaxing)
 .debug_str     0x00001e20      0x163 build/list.o
                                0x2e7 (size before relaxing)
 .debug_str     0x00001f83      0x659 build/queue.o
                                0x8e0 (size before relaxing)
 .debug_str     0x000025dc      0x8d8 build/tasks.o
                                0xde2 (size before relaxing)
 .debug_str     0x00002eb4      0x6dc build/cmsis_os.o
                                0xda4 (size before relaxing)
 .debug_str     0x00003590      0x1de build/heap_4.o
                                0x3d0 (size before relaxing)
 .debug_str     0x0000376e      0x165 build/port.o
                                0x43c (size before relaxing)
 .debug_str     0x000038d3      0x1e0 build/spi.o
                                0x6c7 (size before relaxing)
 .debug_str     0x00003ab3      0x4ab build/stm32f1xx_hal_spi.o
                                0xb11 (size before relaxing)
 .debug_str     0x00003f5e       0x38 build/stm32f1xx_hal_spi_ex.o
                                0x5e9 (size before relaxing)
 .debug_str     0x00003f96      0x2ef build/Network_Adapter.o
                                0x9a1 (size before relaxing)
 .debug_str     0x00004285      0x340 build/ESP8266.o
                                0xc4e (size before relaxing)
 .debug_str     0x000045c5        0xd build/Serial.o
                                0x6c9 (size before relaxing)
 .debug_str     0x000045d2      0x191 build/Ra02.o
                                0x45d (size before relaxing)
 .debug_str     0x00004763      0x115 build/sx1276-Hal.o
                                0x343 (size before relaxing)
 .debug_str     0x00004878        0xe build/radio.o
                                0x223 (size before relaxing)
 .debug_str     0x00004886      0xc46 build/sx1276.o
                                0xea8 (size before relaxing)
 .debug_str     0x000054cc      0x25f build/sx1276-LoRa.o
                                0xc95 (size before relaxing)
 .debug_str     0x0000572b      0x2ff build/sx1276-LoRaMisc.o
                                0xb2d (size before relaxing)
 .debug_str     0x00005a2a      0x28a build/sx1276-Fsk.o
                                0xced (size before relaxing)
 .debug_str     0x00005cb4       0x51 build/SmartPart.o
                                0x350 (size before relaxing)

.comment        0x00000000       0x6e
 .comment       0x00000000       0x6e build/main.o
                                 0x6f (size before relaxing)
 .comment       0x0000006e       0x6f build/gpio.o
 .comment       0x0000006e       0x6f build/usart.o
 .comment       0x0000006e       0x6f build/stm32f1xx_it.o
 .comment       0x0000006e       0x6f build/stm32f1xx_hal_msp.o
 .comment       0x0000006e       0x6f build/stm32f1xx_hal_uart.o
 .comment       0x0000006e       0x6f build/stm32f1xx_hal.o
 .comment       0x0000006e       0x6f build/stm32f1xx_hal_rcc.o
 .comment       0x0000006e       0x6f build/stm32f1xx_hal_gpio.o
 .comment       0x0000006e       0x6f build/stm32f1xx_hal_dma.o
 .comment       0x0000006e       0x6f build/stm32f1xx_hal_cortex.o
 .comment       0x0000006e       0x6f build/system_stm32f1xx.o
 .comment       0x0000006e       0x6f build/dma.o
 .comment       0x0000006e       0x6f build/freertos.o
 .comment       0x0000006e       0x6f build/list.o
 .comment       0x0000006e       0x6f build/queue.o
 .comment       0x0000006e       0x6f build/tasks.o
 .comment       0x0000006e       0x6f build/cmsis_os.o
 .comment       0x0000006e       0x6f build/heap_4.o
 .comment       0x0000006e       0x6f build/port.o
 .comment       0x0000006e       0x6f build/spi.o
 .comment       0x0000006e       0x6f build/stm32f1xx_hal_spi.o
 .comment       0x0000006e       0x6f build/stm32f1xx_hal_spi_ex.o
 .comment       0x0000006e       0x6f build/Network_Adapter.o
 .comment       0x0000006e       0x6f build/ESP8266.o
 .comment       0x0000006e       0x6f build/Serial.o
 .comment       0x0000006e       0x6f build/Ra02.o
 .comment       0x0000006e       0x6f build/sx1276-Hal.o
 .comment       0x0000006e       0x6f build/radio.o
 .comment       0x0000006e       0x6f build/sx1276.o
 .comment       0x0000006e       0x6f build/sx1276-LoRa.o
 .comment       0x0000006e       0x6f build/sx1276-LoRaMisc.o
 .comment       0x0000006e       0x6f build/sx1276-Fsk.o
 .comment       0x0000006e       0x6f build/SmartPart.o

.debug_frame    0x00000000     0x3a8c
 .debug_frame   0x00000000       0x60 build/main.o
 .debug_frame   0x00000060       0x3c build/gpio.o
 .debug_frame   0x0000009c       0x74 build/usart.o
 .debug_frame   0x00000110       0xc4 build/stm32f1xx_it.o
 .debug_frame   0x000001d4       0x2c build/stm32f1xx_hal_msp.o
 .debug_frame   0x00000200      0x574 build/stm32f1xx_hal_uart.o
 .debug_frame   0x00000774      0x1c0 build/stm32f1xx_hal.o
 .debug_frame   0x00000934      0x190 build/stm32f1xx_hal_rcc.o
 .debug_frame   0x00000ac4       0xd4 build/stm32f1xx_hal_gpio.o
 .debug_frame   0x00000b98      0x17c build/stm32f1xx_hal_dma.o
 .debug_frame   0x00000d14      0x134 build/stm32f1xx_hal_cortex.o
 .debug_frame   0x00000e48       0x30 build/system_stm32f1xx.o
 .debug_frame   0x00000e78       0x2c build/dma.o
 .debug_frame   0x00000ea4       0x50 build/freertos.o
 .debug_frame   0x00000ef4       0x70 build/list.o
 .debug_frame   0x00000f64      0x2f4 build/queue.o
 .debug_frame   0x00001258      0x57c build/tasks.o
 .debug_frame   0x000017d4      0x608 build/cmsis_os.o
 .debug_frame   0x00001ddc       0xb8 build/heap_4.o
 .debug_frame   0x00001e94       0xe8 build/port.o
 .debug_frame   0x00001f7c       0x84 build/spi.o
 .debug_frame   0x00002000      0x5d0 build/stm32f1xx_hal_spi.o
 .debug_frame   0x000025d0       0x30 build/stm32f1xx_hal_spi_ex.o
 .debug_frame   0x00002600       0xfc build/Network_Adapter.o
 .debug_frame   0x000026fc      0x21c build/ESP8266.o
 .debug_frame   0x00002918       0xbc build/Serial.o
 .debug_frame   0x000029d4       0xb0 build/Ra02.o
 .debug_frame   0x00002a84      0x174 build/sx1276-Hal.o
 .debug_frame   0x00002bf8       0x20 build/radio.o
 .debug_frame   0x00002c18      0x200 build/sx1276.o
 .debug_frame   0x00002e18      0x1a4 build/sx1276-LoRa.o
 .debug_frame   0x00002fbc      0x444 build/sx1276-LoRaMisc.o
 .debug_frame   0x00003400      0x1ec build/sx1276-Fsk.o
 .debug_frame   0x000035ec       0x64 build/SmartPart.o
 .debug_frame   0x00003650       0x2c /opt/gcc-arm-none-eabi-5_4-2016q3/bin/../lib/gcc/arm-none-eabi/5.4.1/../../../../arm-none-eabi/lib/armv7-m/libc_nano.a(lib_a-init.o)
 .debug_frame   0x0000367c       0x28 /opt/gcc-arm-none-eabi-5_4-2016q3/bin/../lib/gcc/arm-none-eabi/5.4.1/../../../../arm-none-eabi/lib/armv7-m/libc_nano.a(lib_a-memcpy-stub.o)
 .debug_frame   0x000036a4       0x20 /opt/gcc-arm-none-eabi-5_4-2016q3/bin/../lib/gcc/arm-none-eabi/5.4.1/../../../../arm-none-eabi/lib/armv7-m/libc_nano.a(lib_a-memset.o)
 .debug_frame   0x000036c4       0x70 /opt/gcc-arm-none-eabi-5_4-2016q3/bin/../lib/gcc/arm-none-eabi/5.4.1/../../../../arm-none-eabi/lib/armv7-m/libc_nano.a(lib_a-sprintf.o)
 .debug_frame   0x00003734       0x20 /opt/gcc-arm-none-eabi-5_4-2016q3/bin/../lib/gcc/arm-none-eabi/5.4.1/../../../../arm-none-eabi/lib/armv7-m/libc_nano.a(lib_a-strchr.o)
 .debug_frame   0x00003754       0x30 /opt/gcc-arm-none-eabi-5_4-2016q3/bin/../lib/gcc/arm-none-eabi/5.4.1/../../../../arm-none-eabi/lib/armv7-m/libc_nano.a(lib_a-strstr.o)
 .debug_frame   0x00003784       0x90 /opt/gcc-arm-none-eabi-5_4-2016q3/bin/../lib/gcc/arm-none-eabi/5.4.1/../../../../arm-none-eabi/lib/armv7-m/libc_nano.a(lib_a-nano-svfprintf.o)
 .debug_frame   0x00003814       0x60 /opt/gcc-arm-none-eabi-5_4-2016q3/bin/../lib/gcc/arm-none-eabi/5.4.1/../../../../arm-none-eabi/lib/armv7-m/libc_nano.a(lib_a-nano-vfprintf_i.o)
 .debug_frame   0x00003874       0x28 /opt/gcc-arm-none-eabi-5_4-2016q3/bin/../lib/gcc/arm-none-eabi/5.4.1/../../../../arm-none-eabi/lib/armv7-m/libc_nano.a(lib_a-memchr-stub.o)
 .debug_frame   0x0000389c       0x28 /opt/gcc-arm-none-eabi-5_4-2016q3/bin/../lib/gcc/arm-none-eabi/5.4.1/../../../../arm-none-eabi/lib/armv7-m/libc_nano.a(lib_a-memmove.o)
 .debug_frame   0x000038c4       0x38 /opt/gcc-arm-none-eabi-5_4-2016q3/bin/../lib/gcc/arm-none-eabi/5.4.1/../../../../arm-none-eabi/lib/armv7-m/libc_nano.a(lib_a-nano-freer.o)
 .debug_frame   0x000038fc       0x2c /opt/gcc-arm-none-eabi-5_4-2016q3/bin/../lib/gcc/arm-none-eabi/5.4.1/../../../../arm-none-eabi/lib/armv7-m/libc_nano.a(lib_a-nano-mallocr.o)
 .debug_frame   0x00003928       0x3c /opt/gcc-arm-none-eabi-5_4-2016q3/bin/../lib/gcc/arm-none-eabi/5.4.1/../../../../arm-none-eabi/lib/armv7-m/libc_nano.a(lib_a-nano-reallocr.o)
 .debug_frame   0x00003964       0x2c /opt/gcc-arm-none-eabi-5_4-2016q3/bin/../lib/gcc/arm-none-eabi/5.4.1/../../../../arm-none-eabi/lib/armv7-m/libc_nano.a(lib_a-sbrkr.o)
 .debug_frame   0x00003990       0x30 /opt/gcc-arm-none-eabi-5_4-2016q3/bin/../lib/gcc/arm-none-eabi/5.4.1/../../../../arm-none-eabi/lib/armv7-m/libc_nano.a(lib_a-mlock.o)
 .debug_frame   0x000039c0       0x20 /opt/gcc-arm-none-eabi-5_4-2016q3/bin/../lib/gcc/arm-none-eabi/5.4.1/../../../../arm-none-eabi/lib/armv7-m/libc_nano.a(lib_a-nano-msizer.o)
 .debug_frame   0x000039e0       0x5c /opt/gcc-arm-none-eabi-5_4-2016q3/bin/../lib/gcc/arm-none-eabi/5.4.1/../../../../arm-none-eabi/lib/armv7-m/libc_nano.a(lib_a-reent.o)
 .debug_frame   0x00003a3c       0x30 /opt/gcc-arm-none-eabi-5_4-2016q3/bin/../lib/gcc/arm-none-eabi/5.4.1/../../../../arm-none-eabi/lib/armv7-m/libm.a(lib_a-s_round.o)
 .debug_frame   0x00003a6c       0x20 /opt/gcc-arm-none-eabi-5_4-2016q3/bin/../lib/gcc/arm-none-eabi/5.4.1/../../../../arm-none-eabi/lib/armv7-m/libnosys.a(sbrk.o)

Cross Reference Table

Symbol                                            File
ACK_Cache                                         build/ESP8266.o
ACK_len                                           build/ESP8266.o
ADC1_2_IRQHandler                                 build/startup_stm32f103xb.o
AHBPrescTable                                     build/system_stm32f1xx.o
                                                  build/stm32f1xx_hal_rcc.o
APBPrescTable                                     build/system_stm32f1xx.o
                                                  build/stm32f1xx_hal_rcc.o
Adapter                                           build/SmartPart.o
Buff                                              build/SmartPart.o
BusFault_Handler                                  build/stm32f1xx_it.o
CAN1_RX1_IRQHandler                               build/startup_stm32f103xb.o
CAN1_SCE_IRQHandler                               build/startup_stm32f103xb.o
DMA1_Channel1_IRQHandler                          build/startup_stm32f103xb.o
DMA1_Channel2_IRQHandler                          build/startup_stm32f103xb.o
DMA1_Channel3_IRQHandler                          build/startup_stm32f103xb.o
DMA1_Channel4_IRQHandler                          build/startup_stm32f103xb.o
DMA1_Channel5_IRQHandler                          build/stm32f1xx_it.o
DMA1_Channel6_IRQHandler                          build/startup_stm32f103xb.o
DMA1_Channel7_IRQHandler                          build/startup_stm32f103xb.o
DebugMon_Handler                                  build/stm32f1xx_it.o
Default_Handler                                   build/startup_stm32f103xb.o
Delay                                             build/sx12xxEiger.o
ESP8266_Handle_Init                               build/ESP8266.o
                                                  build/Network_Adapter.o
ESP8266_Serial                                    build/ESP8266.o
                                                  build/stm32f1xx_it.o
EXTI0_IRQHandler                                  build/startup_stm32f103xb.o
EXTI15_10_IRQHandler                              build/startup_stm32f103xb.o
EXTI1_IRQHandler                                  build/startup_stm32f103xb.o
EXTI2_IRQHandler                                  build/startup_stm32f103xb.o
EXTI3_IRQHandler                                  build/startup_stm32f103xb.o
EXTI4_IRQHandler                                  build/startup_stm32f103xb.o
EXTI9_5_IRQHandler                                build/startup_stm32f103xb.o
Error_Handler                                     build/main.o
                                                  build/spi.o
                                                  build/usart.o
FLASH_IRQHandler                                  build/startup_stm32f103xb.o
FLASH_PageErase                                   build/stm32f1xx_hal_flash_ex.o
                                                  build/stm32f1xx_hal_flash.o
FLASH_WaitForLastOperation                        build/stm32f1xx_hal_flash.o
                                                  build/stm32f1xx_hal_flash_ex.o
FifoFlush                                         build/fifo.o
FifoInit                                          build/fifo.o
FifoPop                                           build/fifo.o
FifoPush                                          build/fifo.o
FskSettings                                       build/sx1276-Fsk.o
                                                  build/sx1276-FskMisc.o
HAL_DBGMCU_DisableDBGSleepMode                    build/stm32f1xx_hal.o
HAL_DBGMCU_DisableDBGStandbyMode                  build/stm32f1xx_hal.o
HAL_DBGMCU_DisableDBGStopMode                     build/stm32f1xx_hal.o
HAL_DBGMCU_EnableDBGSleepMode                     build/stm32f1xx_hal.o
HAL_DBGMCU_EnableDBGStandbyMode                   build/stm32f1xx_hal.o
HAL_DBGMCU_EnableDBGStopMode                      build/stm32f1xx_hal.o
HAL_DMA_Abort                                     build/stm32f1xx_hal_dma.o
                                                  build/stm32f1xx_hal_spi.o
                                                  build/stm32f1xx_hal_uart.o
HAL_DMA_Abort_IT                                  build/stm32f1xx_hal_dma.o
                                                  build/stm32f1xx_hal_spi.o
                                                  build/stm32f1xx_hal_uart.o
HAL_DMA_DeInit                                    build/stm32f1xx_hal_dma.o
                                                  build/usart.o
HAL_DMA_GetError                                  build/stm32f1xx_hal_dma.o
HAL_DMA_GetState                                  build/stm32f1xx_hal_dma.o
HAL_DMA_IRQHandler                                build/stm32f1xx_hal_dma.o
                                                  build/stm32f1xx_it.o
HAL_DMA_Init                                      build/stm32f1xx_hal_dma.o
                                                  build/usart.o
HAL_DMA_PollForTransfer                           build/stm32f1xx_hal_dma.o